Component: ARM Compiler 5.06 update 6 (build 750) Tool: armlink [4d35ed]

==============================================================================

Section Cross References

    main.o(i.init_task) refers to queue.o(i.xQueueCreateMutex) for xQueueCreateMutex
    main.o(i.init_task) refers to queue.o(i.xQueueGenericCreate) for xQueueGenericCreate
    main.o(i.init_task) refers to usart.o(i.usart1_init) for usart1_init
    main.o(i.init_task) refers to usart.o(i.usart3_init) for usart3_init
    main.o(i.init_task) refers to dht11.o(i.Dht11_Init) for Dht11_Init
    main.o(i.init_task) refers to lx-mp3.o(i.MP3_init) for MP3_init
    main.o(i.init_task) refers to iic.o(i.IIC_init) for IIC_init
    main.o(i.init_task) refers to adc.o(i.Adc_PA3_Init) for Adc_PA3_Init
    main.o(i.init_task) refers to adc.o(i.Adc_PF7_Init) for Adc_PF7_Init
    main.o(i.init_task) refers to rtc.o(i.rtc_init) for rtc_init
    main.o(i.init_task) refers to time.o(i.tim3_init) for tim3_init
    main.o(i.init_task) refers to memseta.o(.text) for __aeabi_memclr
    main.o(i.init_task) refers to queue.o(i.xQueueGenericReceive) for xQueueGenericReceive
    main.o(i.init_task) refers to oled.o(i.OLED_init) for OLED_init
    main.o(i.init_task) refers to oled.o(i.OLED_Fill) for OLED_Fill
    main.o(i.init_task) refers to queue.o(i.xQueueGenericSend) for xQueueGenericSend
    main.o(i.init_task) refers to tasks.o(i.vTaskDelete) for vTaskDelete
    main.o(i.init_task) refers to main.o(.data) for xMutex
    main.o(i.init_task) refers to esp8266.o(.data) for g_esp8266_rx_cnt
    main.o(i.init_task) refers to esp8266.o(.bss) for g_esp8266_rx_buf
    main.o(i.main) refers to tasks.o(i.xTaskCreate) for xTaskCreate
    main.o(i.main) refers to tasks.o(i.vTaskStartScheduler) for vTaskStartScheduler
    main.o(i.main) refers to main.o(.data) for init_task_handle
    main.o(i.main) refers to main.o(i.init_task) for init_task
    main.o(i.main) refers to main.o(i.task1) for task1
    main.o(i.main) refers to main.o(i.task2) for task2
    main.o(i.main) refers to main.o(i.task3) for task3
    main.o(i.main) refers to main.o(i.task4) for task4
    main.o(i.task1) refers to adc.o(i.Get_PF7_Adc_Value) for Get_PF7_Adc_Value
    main.o(i.task1) refers to dflti.o(.text) for __aeabi_i2d
    main.o(i.task1) refers to ddiv.o(.text) for __aeabi_ddiv
    main.o(i.task1) refers to dmul.o(.text) for __aeabi_dmul
    main.o(i.task1) refers to dfixui.o(.text) for __aeabi_d2uiz
    main.o(i.task1) refers to printfa.o(i.__0sprintf) for __2sprintf
    main.o(i.task1) refers to queue.o(i.xQueueGenericReceive) for xQueueGenericReceive
    main.o(i.task1) refers to delay.o(i.delay_us) for delay_us
    main.o(i.task1) refers to adc.o(i.Get_PA3_Adc_Value) for Get_PA3_Adc_Value
    main.o(i.task1) refers to f2d.o(.text) for __aeabi_f2d
    main.o(i.task1) refers to dadd.o(.text) for __aeabi_dsub
    main.o(i.task1) refers to dfixi.o(.text) for __aeabi_d2iz
    main.o(i.task1) refers to dht11.o(i.Dht11_Start) for Dht11_Start
    main.o(i.task1) refers to dht11.o(i.Dht11_Recv_Byte) for Dht11_Recv_Byte
    main.o(i.task1) refers to printfa.o(i.__0printf) for __2printf
    main.o(i.task1) refers to oled.o(i.OLED_ShowStr) for OLED_ShowStr
    main.o(i.task1) refers to strlen.o(.text) for strlen
    main.o(i.task1) refers to queue.o(i.xQueueGenericSend) for xQueueGenericSend
    main.o(i.task1) refers to delay.o(i.delay_ms) for delay_ms
    main.o(i.task1) refers to main.o(.data) for si
    main.o(i.task2) refers to memseta.o(.text) for __aeabi_memclr4
    main.o(i.task2) refers to queue.o(i.xQueueGenericReceive) for xQueueGenericReceive
    main.o(i.task2) refers to queue.o(i.xQueueGenericSend) for xQueueGenericSend
    main.o(i.task2) refers to queue.o(i.uxQueueMessagesWaiting) for uxQueueMessagesWaiting
    main.o(i.task2) refers to strlen.o(.text) for strlen
    main.o(i.task2) refers to oled.o(i.OLED_ShowStr) for OLED_ShowStr
    main.o(i.task2) refers to strcpy.o(.text) for strcpy
    main.o(i.task2) refers to strstr.o(.text) for strstr
    main.o(i.task2) refers to strncpy.o(.text) for strncpy
    main.o(i.task2) refers to delay.o(i.delay_ms) for delay_ms
    main.o(i.task2) refers to main.o(.data) for g_sem_binary
    main.o(i.task2) refers to main.o(.bss) for o
    main.o(i.task3) refers to memseta.o(.text) for __aeabi_memclr4
    main.o(i.task3) refers to queue.o(i.xQueueGenericReceive) for xQueueGenericReceive
    main.o(i.task3) refers to printfa.o(i.__0printf) for __2printf
    main.o(i.task3) refers to esp8266.o(i.esp8266_init) for esp8266_init
    main.o(i.task3) refers to esp8266.o(i.esp8266_send_bytes) for esp8266_send_bytes
    main.o(i.task3) refers to delay.o(i.delay_ms) for delay_ms
    main.o(i.task3) refers to queue.o(i.xQueueGenericSend) for xQueueGenericSend
    main.o(i.task3) refers to esp8266_mqtt.o(i.mqtt_cjson_parse) for mqtt_cjson_parse
    main.o(i.task3) refers to main.o(i.zeller_weekday) for zeller_weekday
[...]
    i.xQueueGenericReset                     0x080074dc   Section        0  queue.o(i.xQueueGenericReset)
    i.xQueueGenericSend                      0x08007574   Section        0  queue.o(i.xQueueGenericSend)
    i.xQueueGenericSendFromISR               0x0800771c   Section        0  queue.o(i.xQueueGenericSendFromISR)
    i.xQueueGiveFromISR                      0x08007814   Section        0  queue.o(i.xQueueGiveFromISR)
    i.xTaskCheckForTimeOut                   0x080078f4   Section        0  tasks.o(i.xTaskCheckForTimeOut)
    i.xTaskCreate                            0x08007980   Section        0  tasks.o(i.xTaskCreate)
    i.xTaskGetSchedulerState                 0x080079e0   Section        0  tasks.o(i.xTaskGetSchedulerState)
    i.xTaskGetTickCount                      0x08007a00   Section        0  tasks.o(i.xTaskGetTickCount)
    i.xTaskIncrementTick                     0x08007a0c   Section        0  tasks.o(i.xTaskIncrementTick)
    i.xTaskPriorityDisinherit                0x08007b54   Section        0  tasks.o(i.xTaskPriorityDisinherit)
    i.xTaskRemoveFromEventList               0x08007c1c   Section        0  tasks.o(i.xTaskRemoveFromEventList)
    i.xTaskResumeAll                         0x08007cb4   Section        0  tasks.o(i.xTaskResumeAll)
    i.xTimerCreateTimerTask                  0x08007db8   Section        0  timers.o(i.xTimerCreateTimerTask)
    i.xTimerGenericCommand                   0x08007e10   Section        0  timers.o(i.xTimerGenericCommand)
    i.zeller_weekday                         0x08007e94   Section        0  main.o(i.zeller_weekday)
    .constdata                               0x08007f08   Section    28856  main.o(.constdata)
    picture_tab                              0x08007f08   Data       28800  main.o(.constdata)
    .constdata                               0x0800efc0   Section    30872  oled.o(.constdata)
    picture_tab                              0x0800efc0   Data       28800  oled.o(.constdata)
    .constdata                               0x08016858   Section    28880  lx-mp3.o(.constdata)
    picture_tab                              0x08016858   Data       28800  lx-mp3.o(.constdata)
    .constdata                               0x0801d928   Section       64  ctype_c.o(.constdata)
    .conststring                             0x0801d968   Section      293  main.o(.conststring)
    .conststring                             0x0801da90   Section      149  lx-mp3.o(.conststring)
    .data                                    0x10000000   Section    28808  rtc.o(.data)
    gImage_1                                 0x10000000   Data       28800  rtc.o(.data)
    .data                                    0x10007088   Section    28824  usart.o(.data)
    gImage_1                                 0x10007088   Data       28800  usart.o(.data)
    usart1_rx_cnt_last                       0x1000e118   Data           4  usart.o(.data)
    usart3_rx_cnt_last                       0x1000e11c   Data           4  usart.o(.data)
    .data                                    0x20000000   Section    28856  main.o(.data)
    gImage_1                                 0x20000000   Data       28800  main.o(.data)
    init_task_handle                         0x20007080   Data           4  main.o(.data)
    task1_handle                             0x20007084   Data           4  main.o(.data)
    task2_handle                             0x20007088   Data           4  main.o(.data)
    task3_handle                             0x2000708c   Data           4  main.o(.data)
    task4_handle                             0x20007090   Data           4  main.o(.data)
    xMutex                                   0x20007094   Data           4  main.o(.data)
    g_sem_binary1                            0x200070a0   Data           4  main.o(.data)
    g_sem_binary2                            0x200070a4   Data           4  main.o(.data)
    t                                        0x200070b6   Data           1  main.o(.data)
    t1                                       0x200070b7   Data           1  main.o(.data)
    .data                                    0x200070b8   Section    28812  esp8266.o(.data)
    gImage_1                                 0x200070b8   Data       28800  esp8266.o(.data)
    .data                                    0x2000e144   Section       20  cjson.o(.data)
    global_error                             0x2000e144   Data           8  cjson.o(.data)
    global_hooks                             0x2000e14c   Data          12  cjson.o(.data)
    .data                                    0x2000e158   Section       60  tasks.o(.data)
    pxDelayedTaskList                        0x2000e15c   Data           4  tasks.o(.data)
    pxOverflowDelayedTaskList                0x2000e160   Data           4  tasks.o(.data)
    uxDeletedTasksWaitingCleanUp             0x2000e164   Data           4  tasks.o(.data)
    uxCurrentNumberOfTasks                   0x2000e168   Data           4  tasks.o(.data)
    xTickCount                               0x2000e16c   Data           4  tasks.o(.data)
    uxTopReadyPriority                       0x2000e170   Data           4  tasks.o(.data)
    xSchedulerRunning                        0x2000e174   Data           4  tasks.o(.data)
    uxPendedTicks                            0x2000e178   Data           4  tasks.o(.data)
    xYieldPending                            0x2000e17c   Data           4  tasks.o(.data)
    xNumOfOverflows                          0x2000e180   Data           4  tasks.o(.data)
    uxTaskNumber                             0x2000e184   Data           4  tasks.o(.data)
    xNextTaskUnblockTime                     0x2000e188   Data           4  tasks.o(.data)
    xIdleTaskHandle                          0x2000e18c   Data           4  tasks.o(.data)
    uxSchedulerSuspended                     0x2000e190   Data           4  tasks.o(.data)
    .data                                    0x2000e194   Section       20  timers.o(.data)
    pxCurrentTimerList                       0x2000e194   Data           4  timers.o(.data)
    pxOverflowTimerList                      0x2000e198   Data           4  timers.o(.data)
    xTimerQueue                              0x2000e19c   Data           4  timers.o(.data)
    xTimerTaskHandle                         0x2000e1a0   Data           4  timers.o(.data)
    xLastTime                                0x2000e1a4   Data           4  timers.o(.data)
    .data                                    0x2000e1a8   Section       24  heap_4.o(.data)
    xStart                                   0x2000e1a8   Data           8  heap_4.o(.data)
    pxEnd                                    0x2000e1b0   Data           4  heap_4.o(.data)
    xFreeBytesRemaining                      0x2000e1b4   Data           4  heap_4.o(.data)
    xMinimumEverFreeBytesRemaining           0x2000e1b8   Data           4  heap_4.o(.data)
    xBlockAllocatedBit                       0x2000e1bc   Data           4  heap_4.o(.data)
    .data                                    0x2000e1c0   Section       12  port.o(.data)
    uxCriticalNesting                        0x2000e1c0   Data           4  port.o(.data)
    ucMaxSysCallPriority                     0x2000e1c4   Data           1  port.o(.data)
    ulMaxPRIGROUPValue                       0x2000e1c8   Data           4  port.o(.data)
    .data                                    0x2000e1cc   Section       16  stm32f4xx_rcc.o(.data)
    APBAHBPrescTable                         0x2000e1cc   Data          16  stm32f4xx_rcc.o(.data)
    .data                                    0x2000e1dc   Section       20  system_stm32f4xx.o(.data)
    .data                                    0x2000e1f0   Section        4  mvars.o(.data)
    .data                                    0x2000e1f4   Section        4  mvars.o(.data)
    .bss                                     0x2000e1f8   Section      100  main.o(.bss)
    o                                        0x2000e1f8   Data          50  main.o(.bss)
    o                                        0x2000e22a   Data          50  main.o(.bss)
    .bss                                     0x2000e25c   Section     1024  esp8266.o(.bss)
    .bss                                     0x2000e65c   Section     1088  usart.o(.bss)
    .bss                                     0x2000ea9c   Section      200  tasks.o(.bss)
    pxReadyTasksLists                        0x2000ea9c   Data         100  tasks.o(.bss)
    xDelayedTaskList1                        0x2000eb00   Data          20  tasks.o(.bss)
    xDelayedTaskList2                        0x2000eb14   Data          20  tasks.o(.bss)
    xPendingReadyList                        0x2000eb28   Data          20  tasks.o(.bss)
    xTasksWaitingTermination                 0x2000eb3c   Data          20  tasks.o(.bss)
    xSuspendedTaskList                       0x2000eb50   Data          20  tasks.o(.bss)
    .bss                                     0x2000eb64   Section       64  queue.o(.bss)
    .bss                                     0x2000eba4   Section       40  timers.o(.bss)
    xActiveTimerList1                        0x2000eba4   Data          20  timers.o(.bss)
    xActiveTimerList2                        0x2000ebb8   Data          20  timers.o(.bss)
    .bss                                     0x2000ebcc   Section    51200  heap_4.o(.bss)
    ucHeap                                   0x2000ebcc   Data       51200  heap_4.o(.bss)
    HEAP                                     0x2001b3d0   Section      512  startup_stm32f40_41xxx.o(HEAP)
    STACK                                    0x2001b5d0   Section     1024  startup_stm32f40_41xxx.o(STACK)

    Global Symbols

    Symbol Name                              Value     Ov Type        Size  Object(Section)

    BuildAttributes$$THM_ISAv4$E$P$D$K$B$S$7EM$VFPi3$EXTD16$VFPS$VFMA$PE$A:L22UL41UL21$X:L11$S22US41US21$IEEE1$IW$USESV6$~STKCKD$USESV7$~SHL$OTIME$ROPI$IEEEJ$EBA8$MICROLIB$REQ8$PRES8$EABIv2 0x00000000   Number         0  anon$$obj.o ABSOLUTE
    __ARM_use_no_argv                        0x00000000   Number         0  main.o ABSOLUTE
    __use_no_errno                           0x00000000   Number         0  useno.o ABSOLUTE
    __use_no_exception_handling              0x00000000   Number         0  useno.o ABSOLUTE
    __use_no_fp                              0x00000000   Number         0  useno.o ABSOLUTE
    __use_no_heap                            0x00000000   Number         0  useno.o ABSOLUTE
    __use_no_heap_region                     0x00000000   Number         0  useno.o ABSOLUTE
    __use_no_semihosting                     0x00000000   Number         0  useno.o ABSOLUTE
    __use_no_semihosting_swi                 0x00000000   Number         0  useno.o ABSOLUTE
    __use_no_signal_handling                 0x00000000   Number         0  useno.o ABSOLUTE
    _printf_a                                0x00000000   Number         0  stubs.o ABSOLUTE
    _printf_c                                0x00000000   Number         0  stubs.o ABSOLUTE
    _printf_charcount                        0x00000000   Number         0  stubs.o ABSOLUTE
    _printf_d                                0x00000000   Number         0  stubs.o ABSOLUTE
    _printf_e                                0x00000000   Number         0  stubs.o ABSOLUTE
    _printf_f                                0x00000000   Number         0  stubs.o ABSOLUTE
    _printf_flags                            0x00000000   Number         0  stubs.o ABSOLUTE
    _printf_fp_dec                           0x00000000   Number         0  stubs.o ABSOLUTE
    _printf_fp_hex                           0x00000000   Number         0  stubs.o ABSOLUTE
    _printf_g                                0x00000000   Number         0  stubs.o ABSOLUTE
    _printf_i                                0x00000000   Number         0  stubs.o ABSOLUTE
    _printf_int_dec                          0x00000000   Number         0  stubs.o ABSOLUTE
    _printf_l                                0x00000000   Number         0  stubs.o ABSOLUTE
    _printf_lc                               0x00000000   Number         0  stubs.o ABSOLUTE
    _printf_ll                               0x00000000   Number         0  stubs.o ABSOLUTE
    _printf_lld                              0x00000000   Number         0  stubs.o ABSOLUTE
    _printf_lli                              0x00000000   Number         0  stubs.o ABSOLUTE
    _printf_llo                              0x00000000   Number         0  stubs.o ABSOLUTE
    _printf_llu                              0x00000000   Number         0  stubs.o ABSOLUTE
    _printf_llx                              0x00000000   Number         0  stubs.o ABSOLUTE
    _printf_longlong_dec                     0x00000000   Number         0  stubs.o ABSOLUTE
    _printf_longlong_hex                     0x00000000   Number         0  stubs.o ABSOLUTE
    _printf_longlong_oct                     0x00000000   Number         0  stubs.o ABSOLUTE
    _printf_ls                               0x00000000   Number         0  stubs.o ABSOLUTE
    _printf_mbtowc                           0x00000000   Number         0  stubs.o ABSOLUTE
    _printf_n                                0x00000000   Number         0  stubs.o ABSOLUTE
    _printf_o                                0x00000000   Number         0  stubs.o ABSOLUTE
    _printf_p                                0x00000000   Number         0  stubs.o ABSOLUTE
    _printf_percent                          0x00000000   Number         0  stubs.o ABSOLUTE
    _printf_pre_padding                      0x00000000   Number         0  stubs.o ABSOLUTE
    _printf_return_value                     0x00000000   Number         0  stubs.o ABSOLUTE
    _printf_s                                0x00000000   Number         0  stubs.o ABSOLUTE
    _printf_sizespec                         0x00000000   Number         0  stubs.o ABSOLUTE
    _printf_str                              0x00000000   Number         0  stubs.o ABSOLUTE
    _printf_truncate_signed                  0x00000000   Number         0  stubs.o ABSOLUTE
    _printf_truncate_unsigned                0x00000000   Number         0  stubs.o ABSOLUTE
    _printf_u                                0x00000000   Number         0  stubs.o ABSOLUTE
    _printf_wc                               0x00000000   Number         0  stubs.o ABSOLUTE
    _printf_wctomb                           0x00000000   Number         0  stubs.o ABSOLUTE
    _printf_widthprec                        0x00000000   Number         0  stubs.o ABSOLUTE
    _printf_x                                0x00000000   Number         0  stubs.o ABSOLUTE
    __cpp_initialize__aeabi_                  - Undefined Weak Reference
    __cxa_finalize                            - Undefined Weak Reference
    _clock_init                               - Undefined Weak Reference
    _microlib_exit                            - Undefined Weak Reference
    _scanf_int                                - Undefined Weak Reference
    _scanf_longlong                           - Undefined Weak Reference
    _scanf_string                             - Undefined Weak Reference
    __Vectors_Size                           0x00000188   Number         0  startup_stm32f40_41xxx.o ABSOLUTE
    __Vectors                                0x08000000   Data           4  startup_stm32f40_41xxx.o(RESET)
    __Vectors_End                            0x08000188   Data           0  startup_stm32f40_41xxx.o(RESET)
    __main                                   0x08000189   Thumb Code     0  entry.o(.ARM.Collect$$$$00000000)
    _main_stk                                0x08000189   Thumb Code     0  entry2.o(.ARM.Collect$$$$00000001)
    _main_scatterload                        0x0800018d   Thumb Code     0  entry5.o(.ARM.Collect$$$$00000004)
    __main_after_scatterload                 0x08000191   Thumb Code     0  entry5.o(.ARM.Collect$$$$00000004)
    _main_clock                              0x08000191   Thumb Code     0  entry7b.o(.ARM.Collect$$$$00000008)
    _main_cpp_init                           0x08000191   Thumb Code     0  entry8b.o(.ARM.Collect$$$$0000000A)
    _main_init                               0x08000191   Thumb Code     0  entry9a.o(.ARM.Collect$$$$0000000B)
    __rt_final_cpp                           0x08000199   Thumb Code     0  entry10a.o(.ARM.Collect$$$$0000000D)
    __rt_final_exit                          0x08000199   Thumb Code     0  entry11a.o(.ARM.Collect$$$$0000000F)
    SVC_Handler                              0x0800019d   Thumb Code    28  port.o(.emb_text)
    __asm___6_port_c_39a90d8d__prvStartFirstTask 0x080001bd   Thumb Code    28  port.o(.emb_text)
    __asm___6_port_c_39a90d8d__prvEnableVFP  0x080001dd   Thumb Code    16  port.o(.emb_text)
    PendSV_Handler                           0x080001f1   Thumb Code    88  port.o(.emb_text)
    vPortGetIPSR                             0x0800024d   Thumb Code     6  port.o(.emb_text)
    Reset_Handler                            0x08000255   Thumb Code     8  startup_stm32f40_41xxx.o(.text)
    NMI_Handler                              0x0800025d   Thumb Code     2  startup_stm32f40_41xxx.o(.text)
    HardFault_Handler                        0x0800025f   Thumb Code     2  startup_stm32f40_41xxx.o(.text)
    MemManage_Handler                        0x08000261   Thumb Code     2  startup_stm32f40_41xxx.o(.text)
    BusFault_Handler                         0x08000263   Thumb Code     2  startup_stm32f40_41xxx.o(.text)
    UsageFault_Handler                       0x08000265   Thumb Code     2  startup_stm32f40_41xxx.o(.text)
    DebugMon_Handler                         0x08000269   Thumb Code     2  startup_stm32f40_41xxx.o(.text)
    ADC_IRQHandler                           0x0800026f   Thumb Code     0  startup_stm32f40_41xxx.o(.text)
    CAN1_RX0_IRQHandler                      0x0800026f   Thumb Code     0  startup_stm32f40_41xxx.o(.text)
    CAN1_RX1_IRQHandler                      0x0800026f   Thumb Code     0  startup_stm32f40_41xxx.o(.text)
    CAN1_SCE_IRQHandler                      0x0800026f   Thumb Code     0  startup_stm32f40_41xxx.o(.text)
    CAN1_TX_IRQHandler                       0x0800026f   Thumb Code     0  startup_stm32f40_41xxx.o(.text)
    CAN2_RX0_IRQHandler                      0x0800026f   Thumb Code     0  startup_stm32f40_41xxx.o(.text)
    CAN2_RX1_IRQHandler                      0x0800026f   Thumb Code     0  startup_stm32f40_41xxx.o(.text)
    CAN2_SCE_IRQHandler                      0x0800026f   Thumb Code     0  startup_stm32f40_41xxx.o(.text)
    CAN2_TX_IRQHandler                       0x0800026f   Thumb Code     0  startup_stm32f40_41xxx.o(.text)
    CRYP_IRQHandler                          0x0800026f   Thumb Code     0  startup_stm32f40_41xxx.o(.text)
    DCMI_IRQHandler                          0x0800026f   Thumb Code     0  startup_stm32f40_41xxx.o(.text)
    DMA1_Stream0_IRQHandler                  0x0800026f   Thumb Code     0  startup_stm32f40_41xxx.o(.text)
    DMA1_Stream1_IRQHandler                  0x0800026f   Thumb Code     0  startup_stm32f40_41xxx.o(.text)
    DMA1_Stream2_IRQHandler                  0x0800026f   Thumb Code     0  startup_stm32f40_41xxx.o(.text)
    DMA1_Stream3_IRQHandler                  0x0800026f   Thumb Code     0  startup_stm32f40_41xxx.o(.text)
    DMA1_Stream4_IRQHandler                  0x0800026f   Thumb Code     0  startup_stm32f40_41xxx.o(.text)
    DMA1_Stream5_IRQHandler                  0x0800026f   Thumb Code     0  startup_stm32f40_41xxx.o(.text)
    DMA1_Stream6_IRQHandler                  0x0800026f   Thumb Code     0  startup_stm32f40_41xxx.o(.text)
    DMA1_Stream7_IRQHandler                  0x0800026f   Thumb Code     0  startup_stm32f40_41xxx.o(.text)
    DMA2_Stream0_IRQHandler                  0x0800026f   Thumb Code     0  startup_stm32f40_41xxx.o(.text)
    DMA2_Stream1_IRQHandler                  0x0800026f   Thumb Code     0  startup_stm32f40_41xxx.o(.text)
    DMA2_Stream2_IRQHandler                  0x0800026f   Thumb Code     0  startup_stm32f40_41xxx.o(.text)
    DMA2_Stream3_IRQHandler                  0x0800026f   Thumb Code     0  startup_stm32f40_41xxx.o(.text)
    DMA2_Stream4_IRQHandler                  0x0800026f   Thumb Code     0  startup_stm32f40_41xxx.o(.text)
    DMA2_Stream5_IRQHandler                  0x0800026f   Thumb Code     0  startup_stm32f40_41xxx.o(.text)
    DMA2_Stream6_IRQHandler                  0x0800026f   Thumb Code     0  startup_stm32f40_41xxx.o(.text)
    DMA2_Stream7_IRQHandler                  0x0800026f   Thumb Code     0  startup_stm32f40_41xxx.o(.text)
    ETH_IRQHandler                           0x0800026f   Thumb Code     0  startup_stm32f40_41xxx.o(.text)
    ETH_WKUP_IRQHandler                      0x0800026f   Thumb Code     0  startup_stm32f40_41xxx.o(.text)
    EXTI0_IRQHandler                         0x0800026f   Thumb Code     0  startup_stm32f40_41xxx.o(.text)
    EXTI15_10_IRQHandler                     0x0800026f   Thumb Code     0  startup_stm32f40_41xxx.o(.text)
    EXTI1_IRQHandler                         0x0800026f   Thumb Code     0  startup_stm32f40_41xxx.o(.text)
    EXTI3_IRQHandler                         0x0800026f   Thumb Code     0  startup_stm32f40_41xxx.o(.text)
    EXTI4_IRQHandler                         0x0800026f   Thumb Code     0  startup_stm32f40_41xxx.o(.text)
    EXTI9_5_IRQHandler                       0x0800026f   Thumb Code     0  startup_stm32f40_41xxx.o(.text)
    FLASH_IRQHandler                         0x0800026f   Thumb Code     0  startup_stm32f40_41xxx.o(.text)
    FPU_IRQHandler                           0x0800026f   Thumb Code     0  startup_stm32f40_41xxx.o(.text)
    FSMC_IRQHandler                          0x0800026f   Thumb Code     0  startup_stm32f40_41xxx.o(.text)
    HASH_RNG_IRQHandler                      0x0800026f   Thumb Code     0  startup_stm32f40_41xxx.o(.text)
    I2C1_ER_IRQHandler                       0x0800026f   Thumb Code     0  startup_stm32f40_41xxx.o(.text)
    I2C1_EV_IRQHandler                       0x0800026f   Thumb Code     0  startup_stm32f40_41xxx.o(.text)
    I2C2_ER_IRQHandler                       0x0800026f   Thumb Code     0  startup_stm32f40_41xxx.o(.text)
    I2C2_EV_IRQHandler                       0x0800026f   Thumb Code     0  startup_stm32f40_41xxx.o(.text)
    I2C3_ER_IRQHandler                       0x0800026f   Thumb Code     0  startup_stm32f40_41xxx.o(.text)
    I2C3_EV_IRQHandler                       0x0800026f   Thumb Code     0  startup_stm32f40_41xxx.o(.text)
    OTG_FS_IRQHandler                        0x0800026f   Thumb Code     0  startup_stm32f40_41xxx.o(.text)
    OTG_FS_WKUP_IRQHandler                   0x0800026f   Thumb Code     0  startup_stm32f40_41xxx.o(.text)
    OTG_HS_EP1_IN_IRQHandler                 0x0800026f   Thumb Code     0  startup_stm32f40_41xxx.o(.text)
    OTG_HS_EP1_OUT_IRQHandler                0x0800026f   Thumb Code     0  startup_stm32f40_41xxx.o(.text)
    OTG_HS_IRQHandler                        0x0800026f   Thumb Code     0  startup_stm32f40_41xxx.o(.text)
    OTG_HS_WKUP_IRQHandler                   0x0800026f   Thumb Code     0  startup_stm32f40_41xxx.o(.text)
    PVD_IRQHandler                           0x0800026f   Thumb Code     0  startup_stm32f40_41xxx.o(.text)
    RCC_IRQHandler                           0x0800026f   Thumb Code     0  startup_stm32f40_41xxx.o(.text)
    RTC_WKUP_IRQHandler                      0x0800026f   Thumb Code     0  startup_stm32f40_41xxx.o(.text)
    SDIO_IRQHandler                          0x0800026f   Thumb Code     0  startup_stm32f40_41xxx.o(.text)
    SPI1_IRQHandler                          0x0800026f   Thumb Code     0  startup_stm32f40_41xxx.o(.text)
    SPI2_IRQHandler                          0x0800026f   Thumb Code     0  startup_stm32f40_41xxx.o(.text)
    SPI3_IRQHandler                          0x0800026f   Thumb Code     0  startup_stm32f40_41xxx.o(.text)
    TAMP_STAMP_IRQHandler                    0x0800026f   Thumb Code     0  startup_stm32f40_41xxx.o(.text)
    TIM1_BRK_TIM9_IRQHandler                 0x0800026f   Thumb Code     0  startup_stm32f40_41xxx.o(.text)
    TIM1_CC_IRQHandler                       0x0800026f   Thumb Code     0  startup_stm32f40_41xxx.o(.text)
    TIM1_TRG_COM_TIM11_IRQHandler            0x0800026f   Thumb Code     0  startup_stm32f40_41xxx.o(.text)
    TIM1_UP_TIM10_IRQHandler                 0x0800026f   Thumb Code     0  startup_stm32f40_41xxx.o(.text)
    TIM2_IRQHandler                          0x0800026f   Thumb Code     0  startup_stm32f40_41xxx.o(.text)
    TIM4_IRQHandler                          0x0800026f   Thumb Code     0  startup_stm32f40_41xxx.o(.text)
    TIM5_IRQHandler                          0x0800026f   Thumb Code     0  startup_stm32f40_41xxx.o(.text)
    TIM6_DAC_IRQHandler                      0x0800026f   Thumb Code     0  startup_stm32f40_41xxx.o(.text)
    TIM7_IRQHandler                          0x0800026f   Thumb Code     0  startup_stm32f40_41xxx.o(.text)
    TIM8_BRK_TIM12_IRQHandler                0x0800026f   Thumb Code     0  startup_stm32f40_41xxx.o(.text)
    TIM8_CC_IRQHandler                       0x0800026f   Thumb Code     0  startup_stm32f40_41xxx.o(.text)
    TIM8_TRG_COM_TIM14_IRQHandler            0x0800026f   Thumb Code     0  startup_stm32f40_41xxx.o(.text)
    TIM8_UP_TIM13_IRQHandler                 0x0800026f   Thumb Code     0  startup_stm32f40_41xxx.o(.text)
    UART4_IRQHandler                         0x0800026f   Thumb Code     0  startup_stm32f40_41xxx.o(.text)
    UART5_IRQHandler                         0x0800026f   Thumb Code     0  startup_stm32f40_41xxx.o(.text)
    USART2_IRQHandler                        0x0800026f   Thumb Code     0  startup_stm32f40_41xxx.o(.text)
    USART6_IRQHandler                        0x0800026f   Thumb Code     0  startup_stm32f40_41xxx.o(.text)
    WWDG_IRQHandler                          0x0800026f   Thumb Code     0  startup_stm32f40_41xxx.o(.text)
    tolower                                  0x08000279   Thumb Code    12  tolower.o(.text)
    __aeabi_memcpy                           0x08000285   Thumb Code    36  memcpya.o(.text)
    __aeabi_memcpy4                          0x08000285   Thumb Code     0  memcpya.o(.text)
    __aeabi_memcpy8                          0x08000285   Thumb Code     0  memcpya.o(.text)
    __aeabi_memset                           0x080002a9   Thumb Code    14  memseta.o(.text)
    __aeabi_memset4                          0x080002a9   Thumb Code     0  memseta.o(.text)
    __aeabi_memset8                          0x080002a9   Thumb Code     0  memseta.o(.text)
    __aeabi_memclr                           0x080002b7   Thumb Code     4  memseta.o(.text)
    __aeabi_memclr4                          0x080002b7   Thumb Code     0  memseta.o(.text)
    __aeabi_memclr8                          0x080002b7   Thumb Code     0  memseta.o(.text)
    _memset$wrapper                          0x080002bb   Thumb Code    18  memseta.o(.text)
    strstr                                   0x080002cd   Thumb Code    36  strstr.o(.text)
    strncpy                                  0x080002f1   Thumb Code    24  strncpy.o(.text)
    strlen                                   0x08000309   Thumb Code    14  strlen.o(.text)
    strcmp                                   0x08000317   Thumb Code    28  strcmp.o(.text)
    strcpy                                   0x08000333   Thumb Code    18  strcpy.o(.text)
    strncmp                                  0x08000345   Thumb Code    30  strncmp.o(.text)
    _scanf_real                              0x0800048d   Thumb Code     0  scanf_fp.o(.text)
    _scanf_really_real                       0x0800048d   Thumb Code   556  scanf_fp.o(.text)
    __aeabi_dadd                             0x080006c5   Thumb Code   322  dadd.o(.text)
    __aeabi_dsub                             0x08000807   Thumb Code     6  dadd.o(.text)
    __aeabi_drsub                            0x0800080d   Thumb Code     6  dadd.o(.text)
    __aeabi_dmul                             0x08000813   Thumb Code   228  dmul.o(.text)
    __aeabi_ddiv                             0x080008f7   Thumb Code   222  ddiv.o(.text)
    __aeabi_i2d                              0x080009d5   Thumb Code    34  dflti.o(.text)
    __aeabi_d2iz                             0x080009f7   Thumb Code    62  dfixi.o(.text)
    __aeabi_d2uiz                            0x08000a35   Thumb Code    50  dfixui.o(.text)
    __aeabi_f2d                              0x08000a67   Thumb Code    38  f2d.o(.text)
    __aeabi_cdcmpeq                          0x08000a8d   Thumb Code     0  cdcmple.o(.text)
    __aeabi_cdcmple                          0x08000a8d   Thumb Code    48  cdcmple.o(.text)
    __aeabi_cdrcmple                         0x08000abd   Thumb Code    48  cdrcmple.o(.text)
    __aeabi_uidiv                            0x08000aed   Thumb Code     0  uidiv.o(.text)
    __aeabi_uidivmod                         0x08000aed   Thumb Code    44  uidiv.o(.text)
    __aeabi_uldivmod                         0x08000b19   Thumb Code    98  uldiv.o(.text)
    __aeabi_llsl                             0x08000b7b   Thumb Code    30  llshl.o(.text)
    _ll_shift_l                              0x08000b7b   Thumb Code     0  llshl.o(.text)
    __aeabi_llsr                             0x08000b99   Thumb Code    32  llushr.o(.text)
    _ll_ushift_r                             0x08000b99   Thumb Code     0  llushr.o(.text)
    __aeabi_lasr                             0x08000bb9   Thumb Code    36  llsshr.o(.text)
    _ll_sshift_r                             0x08000bb9   Thumb Code     0  llsshr.o(.text)
    _sgetc                                   0x08000bdd   Thumb Code    30  _sgetc.o(.text)
    _sbackspace                              0x08000bfb   Thumb Code    34  _sgetc.o(.text)
    __strtod_int                             0x08000c53   Thumb Code    90  strtod.o(.text)
    __I$use$fp                               0x08000cb9   Thumb Code     0  iusefp.o(.text)
    _double_round                            0x08000cb9   Thumb Code    30  depilogue.o(.text)
    _double_epilogue                         0x08000cd7   Thumb Code   156  depilogue.o(.text)
    __aeabi_ul2d                             0x08000d73   Thumb Code    24  dfltul.o(.text)
    __aeabi_d2ulz                            0x08000d8b   Thumb Code    48  dfixul.o(.text)
    __aeabi_d2f                              0x08000dbb   Thumb Code    56  d2f.o(.text)
    __scatterload                            0x08000df5   Thumb Code    28  init.o(.text)
    __scatterload_rt2                        0x08000df5   Thumb Code     0  init.o(.text)
    isspace                                  0x08000e19   Thumb Code    10  isspace_c.o(.text)
    _float_round                             0x08000e23   Thumb Code    18  fepilogue.o(.text)
    _float_epilogue                          0x08000e35   Thumb Code    92  fepilogue.o(.text)
    __ctype_lookup                           0x08000e91   Thumb Code    34  ctype_c.o(.text)
    __decompress                             0x08000eb9   Thumb Code     0  __dclz77c.o(.text)
    __decompress2                            0x08000eb9   Thumb Code    94  __dclz77c.o(.text)
    ADC_Cmd                                  0x08000f17   Thumb Code    22  stm32f4xx_adc.o(i.ADC_Cmd)
    ADC_CommonInit                           0x08000f2d   Thumb Code    34  stm32f4xx_adc.o(i.ADC_CommonInit)
    ADC_GetConversionValue                   0x08000f5d   Thumb Code     8  stm32f4xx_adc.o(i.ADC_GetConversionValue)
    ADC_GetFlagStatus                        0x08000f65   Thumb Code    18  stm32f4xx_adc.o(i.ADC_GetFlagStatus)
    ADC_Init                                 0x08000f79   Thumb Code    74  stm32f4xx_adc.o(i.ADC_Init)
    ADC_RegularChannelConfig                 0x08000fcd   Thumb Code   184  stm32f4xx_adc.o(i.ADC_RegularChannelConfig)
    ADC_SoftwareStartConv                    0x08001085   Thumb Code    10  stm32f4xx_adc.o(i.ADC_SoftwareStartConv)
    Adc_PA3_Init                             0x08001091   Thumb Code   170  adc.o(i.Adc_PA3_Init)
    Adc_PF7_Init                             0x08001145   Thumb Code   126  adc.o(i.Adc_PF7_Init)
    Dht11_Init                               0x080011cd   Thumb Code    56  dht11.o(i.Dht11_Init)
    Dht11_Pin_Mode                           0x0800120d   Thumb Code    42  dht11.o(i.Dht11_Pin_Mode)
    Dht11_Recv_Byte                          0x0800123d   Thumb Code   122  dht11.o(i.Dht11_Recv_Byte)
    Dht11_Start                              0x080012bd   Thumb Code   170  dht11.o(i.Dht11_Start)
    EXTI2_IRQHandler                         0x08001371   Thumb Code    36  key.o(i.EXTI2_IRQHandler)
    EXTI_ClearITPendingBit                   0x0800139d   Thumb Code     6  stm32f4xx_exti.o(i.EXTI_ClearITPendingBit)
    EXTI_GetITStatus                         0x080013a9   Thumb Code    20  stm32f4xx_exti.o(i.EXTI_GetITStatus)
    GPIO_Init                                0x080013c1   Thumb Code   144  stm32f4xx_gpio.o(i.GPIO_Init)
    Get_PA3_Adc_Value                        0x08001451   Thumb Code    58  adc.o(i.Get_PA3_Adc_Value)
    Get_PF7_Adc_Value                        0x08001491   Thumb Code    34  adc.o(i.Get_PF7_Adc_Value)
    IIC_Recv_Ack                             0x080014b9   Thumb Code    66  iic.o(i.IIC_Recv_Ack)
    IIC_Send_Byte                            0x08001509   Thumb Code    92  iic.o(i.IIC_Send_Byte)
    IIC_Start                                0x08001571   Thumb Code    54  iic.o(i.IIC_Start)
    IIC_Stop                                 0x080015b5   Thumb Code    54  iic.o(i.IIC_Stop)
    IIC_WriteByte                            0x080015f9   Thumb Code    92  oled.o(i.IIC_WriteByte)
    IIC_init                                 0x08001685   Thumb Code    54  iic.o(i.IIC_init)
    MP3_init                                 0x080016c5   Thumb Code    44  lx-mp3.o(i.MP3_init)
    OLED_Fill                                0x08001701   Thumb Code    58  oled.o(i.OLED_Fill)
    OLED_SetPos                              0x0800173b   Thumb Code    40  oled.o(i.OLED_SetPos)
    OLED_ShowStr                             0x08001765   Thumb Code   228  oled.o(i.OLED_ShowStr)
    OLED_init                                0x08001851   Thumb Code   178  oled.o(i.OLED_init)
    PWR_BackupAccessCmd                      0x08001905   Thumb Code     6  stm32f4xx_pwr.o(i.PWR_BackupAccessCmd)
    RCC_AHB1PeriphClockCmd                   0x08001911   Thumb Code    26  stm32f4xx_rcc.o(i.RCC_AHB1PeriphClockCmd)
    RCC_APB1PeriphClockCmd                   0x08001931   Thumb Code    26  stm32f4xx_rcc.o(i.RCC_APB1PeriphClockCmd)
    RCC_APB2PeriphClockCmd                   0x08001951   Thumb Code    26  stm32f4xx_rcc.o(i.RCC_APB2PeriphClockCmd)
    RCC_GetClocksFreq                        0x08001971   Thumb Code   214  stm32f4xx_rcc.o(i.RCC_GetClocksFreq)
    RCC_GetFlagStatus                        0x08001a59   Thumb Code    60  stm32f4xx_rcc.o(i.RCC_GetFlagStatus)
    RCC_LSEConfig                            0x08001a99   Thumb Code    40  stm32f4xx_rcc.o(i.RCC_LSEConfig)
    RCC_RTCCLKCmd                            0x08001ac5   Thumb Code     6  stm32f4xx_rcc.o(i.RCC_RTCCLKCmd)
    RCC_RTCCLKConfig                         0x08001ad1   Thumb Code    50  stm32f4xx_rcc.o(i.RCC_RTCCLKConfig)
    RTC_AlarmCmd                             0x08001b0d   Thumb Code   112  stm32f4xx_rtc.o(i.RTC_AlarmCmd)
    RTC_Alarm_AInit                          0x08001b81   Thumb Code   140  rtc.o(i.RTC_Alarm_AInit)
    RTC_Alarm_IRQHandler                     0x08001c19   Thumb Code   282  rtc.o(i.RTC_Alarm_IRQHandler)
    RTC_ClearFlag                            0x08001da5   Thumb Code    24  stm32f4xx_rtc.o(i.RTC_ClearFlag)
    RTC_EnterInitMode                        0x08001dc1   Thumb Code    76  stm32f4xx_rtc.o(i.RTC_EnterInitMode)
    RTC_ExitInitMode                         0x08001e11   Thumb Code    14  stm32f4xx_rtc.o(i.RTC_ExitInitMode)
    RTC_GetDate                              0x08001e25   Thumb Code    68  stm32f4xx_rtc.o(i.RTC_GetDate)
    RTC_GetFlagStatus                        0x08001e71   Thumb Code    32  stm32f4xx_rtc.o(i.RTC_GetFlagStatus)
    RTC_GetTime                              0x08001e99   Thumb Code    72  stm32f4xx_rtc.o(i.RTC_GetTime)
    RTC_ITConfig                             0x08001ee9   Thumb Code    94  stm32f4xx_rtc.o(i.RTC_ITConfig)
    RTC_Init                                 0x08001f4d   Thumb Code    94  stm32f4xx_rtc.o(i.RTC_Init)
    RTC_ReadBackupRegister                   0x08001fb1   Thumb Code    26  stm32f4xx_rtc.o(i.RTC_ReadBackupRegister)
    RTC_SetAlarm                             0x08001fd1   Thumb Code   230  stm32f4xx_rtc.o(i.RTC_SetAlarm)
    RTC_SetDate                              0x080020bd   Thumb Code   190  stm32f4xx_rtc.o(i.RTC_SetDate)
    RTC_SetTime                              0x08002185   Thumb Code   198  stm32f4xx_rtc.o(i.RTC_SetTime)
    RTC_WaitForSynchro                       0x08002255   Thumb Code    92  stm32f4xx_rtc.o(i.RTC_WaitForSynchro)
    RTC_WriteBackupRegister                  0x080022b5   Thumb Code    24  stm32f4xx_rtc.o(i.RTC_WriteBackupRegister)
    SysTick_Handler                          0x080023bd   Thumb Code    46  port.o(i.SysTick_Handler)
    SystemInit                               0x080023f1   Thumb Code    88  system_stm32f4xx.o(i.SystemInit)
    TIM3_IRQHandler                          0x08002459   Thumb Code    98  usart.o(i.TIM3_IRQHandler)
    TIM_ClearITPendingBit                    0x080024dd   Thumb Code     6  stm32f4xx_tim.o(i.TIM_ClearITPendingBit)
    TIM_Cmd                                  0x080024e3   Thumb Code    24  stm32f4xx_tim.o(i.TIM_Cmd)
    TIM_GetITStatus                          0x080024fb   Thumb Code    34  stm32f4xx_tim.o(i.TIM_GetITStatus)
    TIM_ITConfig                             0x0800251d   Thumb Code    18  stm32f4xx_tim.o(i.TIM_ITConfig)
    TIM_TimeBaseInit                         0x08002531   Thumb Code   104  stm32f4xx_tim.o(i.TIM_TimeBaseInit)
    USART1_IRQHandler                        0x080025b5   Thumb Code   150  usart.o(i.USART1_IRQHandler)
    USART3_IRQHandler                        0x08002669   Thumb Code    68  usart.o(i.USART3_IRQHandler)
    USART_ClearFlag                          0x080026bd   Thumb Code    18  stm32f4xx_usart.o(i.USART_ClearFlag)
    USART_ClearITPendingBit                  0x080026cf   Thumb Code    30  stm32f4xx_usart.o(i.USART_ClearITPendingBit)
    USART_GetFlagStatus                      0x080026ed   Thumb Code    26  stm32f4xx_usart.o(i.USART_GetFlagStatus)
    USART_GetITStatus                        0x08002707   Thumb Code    84  stm32f4xx_usart.o(i.USART_GetITStatus)
    USART_ITConfig                           0x0800275b   Thumb Code    74  stm32f4xx_usart.o(i.USART_ITConfig)
    USART_Init                               0x080027a5   Thumb Code   204  stm32f4xx_usart.o(i.USART_Init)
    USART_ReceiveData                        0x08002879   Thumb Code    10  stm32f4xx_usart.o(i.USART_ReceiveData)
    WriteCmd                                 0x08002883   Thumb Code    14  oled.o(i.WriteCmd)
    WriteDat                                 0x08002891   Thumb Code    14  oled.o(i.WriteDat)
    __0printf                                0x080028a1   Thumb Code    22  printfa.o(i.__0printf)
    __1printf                                0x080028a1   Thumb Code     0  printfa.o(i.__0printf)
    __2printf                                0x080028a1   Thumb Code     0  printfa.o(i.__0printf)
    __c89printf                              0x080028a1   Thumb Code     0  printfa.o(i.__0printf)
    printf                                   0x080028a1   Thumb Code     0  printfa.o(i.__0printf)
    __0snprintf                              0x080028c1   Thumb Code    44  printfa.o(i.__0snprintf)
    __1snprintf                              0x080028c1   Thumb Code     0  printfa.o(i.__0snprintf)
    __2snprintf                              0x080028c1   Thumb Code     0  printfa.o(i.__0snprintf)
    __c89snprintf                            0x080028c1   Thumb Code     0  printfa.o(i.__0snprintf)
    snprintf                                 0x080028c1   Thumb Code     0  printfa.o(i.__0snprintf)
    __0sprintf                               0x080028f1   Thumb Code    34  printfa.o(i.__0sprintf)
    __1sprintf                               0x080028f1   Thumb Code     0  printfa.o(i.__0sprintf)
    __2sprintf                               0x080028f1   Thumb Code     0  printfa.o(i.__0sprintf)
    __c89sprintf                             0x080028f1   Thumb Code     0  printfa.o(i.__0sprintf)
    sprintf                                  0x080028f1   Thumb Code     0  printfa.o(i.__0sprintf)
    __free$realloc                           0x08002919   Thumb Code    88  mallocr.o(i.__free$realloc)
    __hardfp_strtod                          0x08002979   Thumb Code    30  strtod.o(i.__hardfp_strtod)
    __malloc$realloc                         0x080029a1   Thumb Code    64  mallocr.o(i.__malloc$realloc)
    __scatterload_copy                       0x080029f1   Thumb Code    14  handlers.o(i.__scatterload_copy)
    __scatterload_null                       0x080029ff   Thumb Code     2  handlers.o(i.__scatterload_null)
    __scatterload_zeroinit                   0x08002a01   Thumb Code    14  handlers.o(i.__scatterload_zeroinit)
    _is_digit                                0x08002b95   Thumb Code    14  scanf_fp.o(i._is_digit)
    cJSON_Delete                             0x0800333d   Thumb Code    84  cjson.o(i.cJSON_Delete)
    cJSON_GetArrayItem                       0x08003395   Thumb Code    24  cjson.o(i.cJSON_GetArrayItem)
    cJSON_GetErrorPtr                        0x080033ad   Thumb Code    12  cjson.o(i.cJSON_GetErrorPtr)
    cJSON_GetObjectItemCaseSensitive         0x080033bd   Thumb Code    18  cjson.o(i.cJSON_GetObjectItemCaseSensitive)
    cJSON_IsArray                            0x080033cf   Thumb Code    22  cjson.o(i.cJSON_IsArray)
    cJSON_IsString                           0x080033e5   Thumb Code    22  cjson.o(i.cJSON_IsString)
    cJSON_Parse                              0x08003415   Thumb Code    16  cjson.o(i.cJSON_Parse)
    cJSON_ParseWithLengthOpts                0x08003425   Thumb Code   204  cjson.o(i.cJSON_ParseWithLengthOpts)
    cJSON_ParseWithOpts                      0x080034f9   Thumb Code    40  cjson.o(i.cJSON_ParseWithOpts)
    cJSON_free                               0x08003521   Thumb Code    12  cjson.o(i.cJSON_free)
    cJSON_malloc                             0x0800352d   Thumb Code    12  cjson.o(i.cJSON_malloc)
    delay_ms                                 0x08003581   Thumb Code    12  delay.o(i.delay_ms)
    delay_s                                  0x0800358d   Thumb Code    24  delay.o(i.delay_s)
    delay_us                                 0x080035a5   Thumb Code    92  delay.o(i.delay_us)
    esp8266_connect_ap                       0x08003609   Thumb Code   118  esp8266.o(i.esp8266_connect_ap)
    esp8266_connect_server                   0x080036bd   Thumb Code   130  esp8266.o(i.esp8266_connect_server)
    esp8266_enable_echo                      0x0800376d   Thumb Code    42  esp8266.o(i.esp8266_enable_echo)
    esp8266_entry_transparent_transmission   0x080037ad   Thumb Code    66  esp8266.o(i.esp8266_entry_transparent_transmission)
    esp8266_exit_transparent_transmission    0x08003819   Thumb Code    24  esp8266.o(i.esp8266_exit_transparent_transmission)
    esp8266_find_str_in_rx_packet            0x08003839   Thumb Code    50  esp8266.o(i.esp8266_find_str_in_rx_packet)
    esp8266_init                             0x08003871   Thumb Code   220  esp8266.o(i.esp8266_init)
    esp8266_init1                            0x08003b25   Thumb Code   220  esp8266.o(i.esp8266_init1)
    esp8266_reset                            0x08003de9   Thumb Code    30  esp8266.o(i.esp8266_reset)
    esp8266_send_at                          0x08003e19   Thumb Code    28  esp8266.o(i.esp8266_send_at)
    esp8266_send_bytes                       0x08003e3d   Thumb Code    12  esp8266.o(i.esp8266_send_bytes)
    fputc                                    0x08003e49   Thumb Code    24  usart.o(i.fputc)
    lx_char                                  0x08004021   Thumb Code    98  lx-mp3.o(i.lx_char)
    lx_figure                                0x08004089   Thumb Code   506  lx-mp3.o(i.lx_figure)
    main                                     0x08004289   Thumb Code   110  main.o(i.main)
    mqtt_cjson_parse                         0x0800434d   Thumb Code    78  esp8266_mqtt.o(i.mqtt_cjson_parse)
    mqtt_cjson_parse1                        0x080043b9   Thumb Code   136  esp8266_mqtt.o(i.mqtt_cjson_parse1)
    pvPortMalloc                             0x080054bd   Thumb Code   296  heap_4.o(i.pvPortMalloc)
    pvTaskIncrementMutexHeldCount            0x080055f9   Thumb Code    26  tasks.o(i.pvTaskIncrementMutexHeldCount)
    pxPortInitialiseStack                    0x08005619   Thumb Code    38  port.o(i.pxPortInitialiseStack)
    realloc                                  0x08005645   Thumb Code   102  mallocr.o(i.realloc)
    rtc_init                                 0x080056b1   Thumb Code   242  rtc.o(i.rtc_init)
    tim3_init                                0x08006759   Thumb Code    88  time.o(i.tim3_init)
    usart1_init                              0x080067bd   Thumb Code   154  usart.o(i.usart1_init)
    usart3_init                              0x0800686d   Thumb Code   164  usart.o(i.usart3_init)
    usart3_send_str                          0x08006925   Thumb Code    52  usart.o(i.usart3_send_str)
    uxListRemove                             0x08006a89   Thumb Code    40  list.o(i.uxListRemove)
    uxQueueMessagesWaiting                   0x08006ab1   Thumb Code    42  queue.o(i.uxQueueMessagesWaiting)
    vListInitialise                          0x08006adb   Thumb Code    26  list.o(i.vListInitialise)
    vListInitialiseItem                      0x08006af5   Thumb Code     6  list.o(i.vListInitialiseItem)
    vListInsert                              0x08006afb   Thumb Code    52  list.o(i.vListInsert)
    vListInsertEnd                           0x08006b2f   Thumb Code    24  list.o(i.vListInsertEnd)
    vPortEnterCritical                       0x08006b49   Thumb Code    76  port.o(i.vPortEnterCritical)
    vPortExitCritical                        0x08006b9d   Thumb Code    56  port.o(i.vPortExitCritical)
    vPortFree                                0x08006bd9   Thumb Code   140  heap_4.o(i.vPortFree)
    vPortSetupTimerInterrupt                 0x08006c6d   Thumb Code    26  port.o(i.vPortSetupTimerInterrupt)
    vPortValidateInterruptPriority           0x08006c8d   Thumb Code   106  port.o(i.vPortValidateInterruptPriority)
    vQueueAddToRegistry                      0x08006d05   Thumb Code    38  queue.o(i.vQueueAddToRegistry)
    vQueueWaitForMessageRestricted           0x08006d31   Thumb Code    74  queue.o(i.vQueueWaitForMessageRestricted)
    vTaskDelay                               0x08006d7d   Thumb Code    82  tasks.o(i.vTaskDelay)
    vTaskDelete                              0x08006dd9   Thumb Code   202  tasks.o(i.vTaskDelete)
    vTaskMissedYield                         0x08006ecd   Thumb Code     8  tasks.o(i.vTaskMissedYield)
    vTaskPlaceOnEventList                    0x08006ed9   Thumb Code    52  tasks.o(i.vTaskPlaceOnEventList)
    vTaskPlaceOnEventListRestricted          0x08006f11   Thumb Code    60  tasks.o(i.vTaskPlaceOnEventListRestricted)
    vTaskPriorityInherit                     0x08006f51   Thumb Code   164  tasks.o(i.vTaskPriorityInherit)
    vTaskSetTimeOutState                     0x08007001   Thumb Code    38  tasks.o(i.vTaskSetTimeOutState)
    vTaskStartScheduler                      0x08007031   Thumb Code   118  tasks.o(i.vTaskStartScheduler)
    vTaskSuspendAll                          0x080070c5   Thumb Code    12  tasks.o(i.vTaskSuspendAll)
    vTaskSwitchContext                       0x080070d5   Thumb Code   118  tasks.o(i.vTaskSwitchContext)
    xPortStartScheduler                      0x08007161   Thumb Code   288  port.o(i.xPortStartScheduler)
    xQueueCreateMutex                        0x0800729d   Thumb Code    34  queue.o(i.xQueueCreateMutex)
    xQueueGenericCreate                      0x080072bf   Thumb Code    88  queue.o(i.xQueueGenericCreate)
    xQueueGenericReceive                     0x08007319   Thumb Code   446  queue.o(i.xQueueGenericReceive)
    xQueueGenericReset                       0x080074dd   Thumb Code   146  queue.o(i.xQueueGenericReset)
    xQueueGenericSend                        0x08007575   Thumb Code   420  queue.o(i.xQueueGenericSend)
    xQueueGenericSendFromISR                 0x0800771d   Thumb Code   248  queue.o(i.xQueueGenericSendFromISR)
    xQueueGiveFromISR                        0x08007815   Thumb Code   224  queue.o(i.xQueueGiveFromISR)
    xTaskCheckForTimeOut                     0x080078f5   Thumb Code   132  tasks.o(i.xTaskCheckForTimeOut)
    xTaskCreate                              0x08007981   Thumb Code    96  tasks.o(i.xTaskCreate)
    xTaskGetSchedulerState                   0x080079e1   Thumb Code    24  tasks.o(i.xTaskGetSchedulerState)
    xTaskGetTickCount                        0x08007a01   Thumb Code     6  tasks.o(i.xTaskGetTickCount)
    xTaskIncrementTick                       0x08007a0d   Thumb Code   282  tasks.o(i.xTaskIncrementTick)
    xTaskPriorityDisinherit                  0x08007b55   Thumb Code   188  tasks.o(i.xTaskPriorityDisinherit)
    xTaskRemoveFromEventList                 0x08007c1d   Thumb Code   128  tasks.o(i.xTaskRemoveFromEventList)
    xTaskResumeAll                           0x08007cb5   Thumb Code   224  tasks.o(i.xTaskResumeAll)
    xTimerCreateTimerTask                    0x08007db9   Thumb Code    66  timers.o(i.xTimerCreateTimerTask)
    xTimerGenericCommand                     0x08007e11   Thumb Code   126  timers.o(i.xTimerGenericCommand)
    zeller_weekday                           0x08007e95   Thumb Code   116  main.o(i.zeller_weekday)
    F6x8                                     0x08016040   Data         552  oled.o(.constdata)
    F8X16                                    0x08016268   Data        1520  oled.o(.constdata)
    __ctype_categories                       0x0801d928   Data          64  ctype_c.o(.constdata)
    Region$$Table$$Base                      0x0801db28   Number         0  anon$$obj.o(Region$$Table)
    Region$$Table$$Limit                     0x0801db58   Number         0  anon$$obj.o(Region$$Table)
    RTC_DateStruct                           0x10007080   Data           4  rtc.o(.data)
    RTC_TimeStruct                           0x10007084   Data           4  rtc.o(.data)
    g_usart1_rx_cnt                          0x1000e108   Data           4  usart.o(.data)
    g_usart1_rx_end                          0x1000e10c   Data           4  usart.o(.data)
    __stdout                                 0x1000e110   Data           4  usart.o(.data)
    g_rxflag                                 0x1000e114   Data           1  usart.o(.data)
    g_count                                  0x1000e115   Data           1  usart.o(.data)
    g_i                                      0x1000e116   Data           1  usart.o(.data)
    g_queue                                  0x20007098   Data           4  main.o(.data)
    g_sem_binary                             0x2000709c   Data           4  main.o(.data)
    p                                        0x200070a8   Data           4  main.o(.data)
    p1                                       0x200070ac   Data           4  main.o(.data)
    ht                                       0x200070b0   Data           5  main.o(.data)
    si                                       0x200070b5   Data           1  main.o(.data)
    g_esp8266_rx_cnt                         0x2000e138   Data           4  esp8266.o(.data)
    g_esp8266_rx_end                         0x2000e13c   Data           4  esp8266.o(.data)
    g_esp8266_transparent_transmission_sta   0x2000e140   Data           4  esp8266.o(.data)
    pxCurrentTCB                             0x2000e158   Data           4  tasks.o(.data)
    SystemCoreClock                          0x2000e1dc   Data           4  system_stm32f4xx.o(.data)
    AHBPrescTable                            0x2000e1e0   Data          16  system_stm32f4xx.o(.data)
    __microlib_freelist                      0x2000e1f0   Data           4  mvars.o(.data)
    __microlib_freelist_initialised          0x2000e1f4   Data           4  mvars.o(.data)
    g_esp8266_rx_buf                         0x2000e25c   Data        1024  esp8266.o(.bss)
    g_usart1_rx_buf                          0x2000e65c   Data        1024  usart.o(.bss)
    g_buffer                                 0x2000ea5c   Data          32  usart.o(.bss)
    g_rxbuffer                               0x2000ea7c   Data          32  usart.o(.bss)
    xQueueRegistry                           0x2000eb64   Data          64  queue.o(.bss)
    __heap_base                              0x2001b3d0   Data           0  startup_stm32f40_41xxx.o(HEAP)
    __heap_limit                             0x2001b5d0   Data           0  startup_stm32f40_41xxx.o(HEAP)
    __initial_sp                             0x2001b9d0   Data           0  startup_stm32f40_41xxx.o(STACK)



==============================================================================

Memory Map of the image

  Image Entry point : 0x08000189

  Load Region LR_IROM1 (Base: 0x08000000, Size: 0x00039e70, Max: 0x00080000, ABSOLUTE, COMPRESSED[0x00026a20])

    Execution Region ER_IROM1 (Exec base: 0x08000000, Load base: 0x08000000, Size: 0x0001db58, Max: 0x00080000, ABSOLUTE)

    Exec Addr    Load Addr    Size         Type   Attr      Idx    E Section Name        Object

    0x08000000   0x08000000   0x00000188   Data   RO         4604    RESET               startup_stm32f40_41xxx.o
    0x08000188   0x08000188   0x00000000   Code   RO         4662  * .ARM.Collect$$$$00000000  mc_w.l(entry.o)
    0x08000188   0x08000188   0x00000004   Code   RO         4988    .ARM.Collect$$$$00000001  mc_w.l(entry2.o)
    0x0800018c   0x0800018c   0x00000004   Code   RO         4991    .ARM.Collect$$$$00000004  mc_w.l(entry5.o)
    0x08000190   0x08000190   0x00000000   Code   RO         4993    .ARM.Collect$$$$00000008  mc_w.l(entry7b.o)
    0x08000190   0x08000190   0x00000000   Code   RO         4995    .ARM.Collect$$$$0000000A  mc_w.l(entry8b.o)
    0x08000190   0x08000190   0x00000008   Code   RO         4996    .ARM.Collect$$$$0000000B  mc_w.l(entry9a.o)
    0x08000198   0x08000198   0x00000000   Code   RO         4998    .ARM.Collect$$$$0000000D  mc_w.l(entry10a.o)
    0x08000198   0x08000198   0x00000000   Code   RO         5000    .ARM.Collect$$$$0000000F  mc_w.l(entry11a.o)
    0x08000198   0x08000198   0x00000004   Code   RO         4989    .ARM.Collect$$$$00002712  mc_w.l(entry2.o)
    0x0800019c   0x0800019c   0x000000b6   Code   RO         2501    .emb_text           port.o
    0x08000252   0x08000252   0x00000002   PAD
    0x08000254   0x08000254   0x00000024   Code   RO         4605    .text               startup_stm32f40_41xxx.o
    0x08000278   0x08000278   0x0000000c   Code   RO         4665    .text               mc_w.l(tolower.o)
    0x08000284   0x08000284   0x00000024   Code   RO         4667    .text               mc_w.l(memcpya.o)
    0x080002a8   0x080002a8   0x00000024   Code   RO         4669    .text               mc_w.l(memseta.o)
    0x080002cc   0x080002cc   0x00000024   Code   RO         4671    .text               mc_w.l(strstr.o)
    0x080002f0   0x080002f0   0x00000018   Code   RO         4673    .text               mc_w.l(strncpy.o)
    0x08000308   0x08000308   0x0000000e   Code   RO         4675    .text               mc_w.l(strlen.o)
    0x08000316   0x08000316   0x0000001c   Code   RO         4677    .text               mc_w.l(strcmp.o)
    0x08000332   0x08000332   0x00000012   Code   RO         4679    .text               mc_w.l(strcpy.o)
    0x08000344   0x08000344   0x0000001e   Code   RO         4681    .text               mc_w.l(strncmp.o)
    0x08000362   0x08000362   0x00000002   PAD
    0x08000364   0x08000364   0x00000360   Code   RO         4966    .text               mc_w.l(scanf_fp.o)
    0x080006c4   0x080006c4   0x0000014e   Code   RO         4970    .text               mf_w.l(dadd.o)
    0x08000812   0x08000812   0x000000e4   Code   RO         4972    .text               mf_w.l(dmul.o)
    0x080008f6   0x080008f6   0x000000de   Code   RO         4974    .text               mf_w.l(ddiv.o)
    0x080009d4   0x080009d4   0x00000022   Code   RO         4976    .text               mf_w.l(dflti.o)
    0x080009f6   0x080009f6   0x0000003e   Code   RO         4978    .text               mf_w.l(dfixi.o)
    0x08000a34   0x08000a34   0x00000032   Code   RO         4980    .text               mf_w.l(dfixui.o)
    0x08000a66   0x08000a66   0x00000026   Code   RO         4982    .text               mf_w.l(f2d.o)
    0x08000a8c   0x08000a8c   0x00000030   Code   RO         4984    .text               mf_w.l(cdcmple.o)
    0x08000abc   0x08000abc   0x00000030   Code   RO         4986    .text               mf_w.l(cdrcmple.o)
    0x08000aec   0x08000aec   0x0000002c   Code   RO         5002    .text               mc_w.l(uidiv.o)
    0x08000b18   0x08000b18   0x00000062   Code   RO         5004    .text               mc_w.l(uldiv.o)
    0x08000b7a   0x08000b7a   0x0000001e   Code   RO         5006    .text               mc_w.l(llshl.o)
    0x08000b98   0x08000b98   0x00000020   Code   RO         5008    .text               mc_w.l(llushr.o)
    0x08000bb8   0x08000bb8   0x00000024   Code   RO         5010    .text               mc_w.l(llsshr.o)
    0x08000bdc   0x08000bdc   0x00000040   Code   RO         5016    .text               mc_w.l(_sgetc.o)
    0x08000c1c   0x08000c1c   0x0000009c   Code   RO         5018    .text               mc_w.l(strtod.o)
    0x08000cb8   0x08000cb8   0x00000000   Code   RO         5020    .text               mc_w.l(iusefp.o)
    0x08000cb8   0x08000cb8   0x000000ba   Code   RO         5021    .text               mf_w.l(depilogue.o)
    0x08000d72   0x08000d72   0x00000018   Code   RO         5023    .text               mf_w.l(dfltul.o)
    0x08000d8a   0x08000d8a   0x00000030   Code   RO         5025    .text               mf_w.l(dfixul.o)
    0x08000dba   0x08000dba   0x00000038   Code   RO         5027    .text               mf_w.l(d2f.o)
    0x08000df2   0x08000df2   0x00000002   PAD
    0x08000df4   0x08000df4   0x00000024   Code   RO         5029    .text               mc_w.l(init.o)
    0x08000e18   0x08000e18   0x0000000a   Code   RO         5031    .text               mc_w.l(isspace_c.o)
    0x08000e22   0x08000e22   0x0000006e   Code   RO         5035    .text               mf_w.l(fepilogue.o)
    0x08000e90   0x08000e90   0x00000028   Code   RO         5037    .text               mc_w.l(ctype_c.o)
    0x08000eb8   0x08000eb8   0x0000005e   Code   RO         5048    .text               mc_w.l(__dclz77c.o)
    0x08000f16   0x08000f16   0x00000016   Code   RO         2635    i.ADC_Cmd           stm32f4xx_adc.o
    0x08000f2c   0x08000f2c   0x00000030   Code   RO         2636    i.ADC_CommonInit    stm32f4xx_adc.o
    0x08000f5c   0x08000f5c   0x00000008   Code   RO         2647    i.ADC_GetConversionValue  stm32f4xx_adc.o
    0x08000f64   0x08000f64   0x00000012   Code   RO         2648    i.ADC_GetFlagStatus  stm32f4xx_adc.o
    0x08000f76   0x08000f76   0x00000002   PAD
    0x08000f78   0x08000f78   0x00000054   Code   RO         2655    i.ADC_Init          stm32f4xx_adc.o
    0x08000fcc   0x08000fcc   0x000000b8   Code   RO         2660    i.ADC_RegularChannelConfig  stm32f4xx_adc.o
    0x08001084   0x08001084   0x0000000a   Code   RO         2662    i.ADC_SoftwareStartConv  stm32f4xx_adc.o
    0x0800108e   0x0800108e   0x00000002   PAD
    0x08001090   0x08001090   0x000000b4   Code   RO         1332    i.Adc_PA3_Init      adc.o
    0x08001144   0x08001144   0x00000088   Code   RO         1333    i.Adc_PF7_Init      adc.o
    0x080011cc   0x080011cc   0x00000040   Code   RO          483    i.Dht11_Init        dht11.o
    0x0800120c   0x0800120c   0x00000030   Code   RO          484    i.Dht11_Pin_Mode    dht11.o
    0x0800123c   0x0800123c   0x00000080   Code   RO          485    i.Dht11_Recv_Byte   dht11.o
    0x080012bc   0x080012bc   0x000000b4   Code   RO          486    i.Dht11_Start       dht11.o
    0x08001370   0x08001370   0x0000002c   Code   RO          358    i.EXTI2_IRQHandler  key.o
    0x0800139c   0x0800139c   0x0000000c   Code   RO         2876    i.EXTI_ClearITPendingBit  stm32f4xx_exti.o
    0x080013a8   0x080013a8   0x00000018   Code   RO         2880    i.EXTI_GetITStatus  stm32f4xx_exti.o
    0x080013c0   0x080013c0   0x00000090   Code   RO         2942    i.GPIO_Init         stm32f4xx_gpio.o
    0x08001450   0x08001450   0x00000040   Code   RO         1334    i.Get_PA3_Adc_Value  adc.o
    0x08001490   0x08001490   0x00000028   Code   RO         1335    i.Get_PF7_Adc_Value  adc.o
    0x080014b8   0x080014b8   0x00000050   Code   RO         1273    i.IIC_Recv_Ack      iic.o
    0x08001508   0x08001508   0x00000068   Code   RO         1275    i.IIC_Send_Byte     iic.o
    0x08001570   0x08001570   0x00000044   Code   RO         1276    i.IIC_Start         iic.o
    0x080015b4   0x080015b4   0x00000044   Code   RO         1277    i.IIC_Stop          iic.o
    0x080015f8   0x080015f8   0x0000008c   Code   RO          388    i.IIC_WriteByte     oled.o
    0x08001684   0x08001684   0x00000040   Code   RO         1278    i.IIC_init          iic.o
    0x080016c4   0x080016c4   0x0000003c   Code   RO          549    i.MP3_init          lx-mp3.o
    0x08001700   0x08001700   0x0000003a   Code   RO          391    i.OLED_Fill         oled.o
    0x0800173a   0x0800173a   0x00000028   Code   RO          394    i.OLED_SetPos       oled.o
    0x08001762   0x08001762   0x00000002   PAD
    0x08001764   0x08001764   0x000000ec   Code   RO          396    i.OLED_ShowStr      oled.o
    0x08001850   0x08001850   0x000000b2   Code   RO          397    i.OLED_init         oled.o
    0x08001902   0x08001902   0x00000002   PAD
    0x08001904   0x08001904   0x0000000c   Code   RO         3043    i.PWR_BackupAccessCmd  stm32f4xx_pwr.o
    0x08001910   0x08001910   0x00000020   Code   RO         3157    i.RCC_AHB1PeriphClockCmd  stm32f4xx_rcc.o
    0x08001930   0x08001930   0x00000020   Code   RO         3166    i.RCC_APB1PeriphClockCmd  stm32f4xx_rcc.o
    0x08001950   0x08001950   0x00000020   Code   RO         3169    i.RCC_APB2PeriphClockCmd  stm32f4xx_rcc.o
    0x08001970   0x08001970   0x000000e8   Code   RO         3178    i.RCC_GetClocksFreq  stm32f4xx_rcc.o
    0x08001a58   0x08001a58   0x00000040   Code   RO         3179    i.RCC_GetFlagStatus  stm32f4xx_rcc.o
    0x08001a98   0x08001a98   0x0000002c   Code   RO         3187    i.RCC_LSEConfig     stm32f4xx_rcc.o
    0x08001ac4   0x08001ac4   0x0000000c   Code   RO         3200    i.RCC_RTCCLKCmd     stm32f4xx_rcc.o
    0x08001ad0   0x08001ad0   0x0000003c   Code   RO         3201    i.RCC_RTCCLKConfig  stm32f4xx_rcc.o
    0x08001b0c   0x08001b0c   0x00000074   Code   RO         3489    i.RTC_AlarmCmd      stm32f4xx_rtc.o
    0x08001b80   0x08001b80   0x00000098   Code   RO         1374    i.RTC_Alarm_AInit   rtc.o
    0x08001c18   0x08001c18   0x00000158   Code   RO         1375    i.RTC_Alarm_IRQHandler  rtc.o
    0x08001d70   0x08001d70   0x00000016   Code   RO         3492    i.RTC_Bcd2ToByte    stm32f4xx_rtc.o
    0x08001d86   0x08001d86   0x0000001c   Code   RO         3494    i.RTC_ByteToBcd2    stm32f4xx_rtc.o
    0x08001da2   0x08001da2   0x00000002   PAD
    0x08001da4   0x08001da4   0x0000001c   Code   RO         3497    i.RTC_ClearFlag     stm32f4xx_rtc.o
    0x08001dc0   0x08001dc0   0x00000050   Code   RO         3504    i.RTC_EnterInitMode  stm32f4xx_rtc.o
    0x08001e10   0x08001e10   0x00000014   Code   RO         3505    i.RTC_ExitInitMode  stm32f4xx_rtc.o
    0x08001e24   0x08001e24   0x0000004c   Code   RO         3508    i.RTC_GetDate       stm32f4xx_rtc.o
    0x08001e70   0x08001e70   0x00000028   Code   RO         3509    i.RTC_GetFlagStatus  stm32f4xx_rtc.o
    0x08001e98   0x08001e98   0x00000050   Code   RO         3513    i.RTC_GetTime       stm32f4xx_rtc.o
    0x08001ee8   0x08001ee8   0x00000064   Code   RO         3517    i.RTC_ITConfig      stm32f4xx_rtc.o
    0x08001f4c   0x08001f4c   0x00000064   Code   RO         3518    i.RTC_Init          stm32f4xx_rtc.o
    0x08001fb0   0x08001fb0   0x00000020   Code   RO         3521    i.RTC_ReadBackupRegister  stm32f4xx_rtc.o
    0x08001fd0   0x08001fd0   0x000000ec   Code   RO         3523    i.RTC_SetAlarm      stm32f4xx_rtc.o
    0x080020bc   0x080020bc   0x000000c8   Code   RO         3524    i.RTC_SetDate       stm32f4xx_rtc.o
    0x08002184   0x08002184   0x000000d0   Code   RO         3525    i.RTC_SetTime       stm32f4xx_rtc.o
    0x08002254   0x08002254   0x00000060   Code   RO         3541    i.RTC_WaitForSynchro  stm32f4xx_rtc.o
    0x080022b4   0x080022b4   0x0000001c   Code   RO         3544    i.RTC_WriteBackupRegister  stm32f4xx_rtc.o
    0x080022d0   0x080022d0   0x000000ec   Code   RO         4612    i.SetSysClock       system_stm32f4xx.o
    0x080023bc   0x080023bc   0x00000034   Code   RO         2502    i.SysTick_Handler   port.o
    0x080023f0   0x080023f0   0x00000068   Code   RO         4614    i.SystemInit        system_stm32f4xx.o
    0x08002458   0x08002458   0x00000084   Code   RO         1417    i.TIM3_IRQHandler   usart.o
    0x080024dc   0x080024dc   0x00000006   Code   RO         3858    i.TIM_ClearITPendingBit  stm32f4xx_tim.o
    0x080024e2   0x080024e2   0x00000018   Code   RO         3863    i.TIM_Cmd           stm32f4xx_tim.o
    0x080024fa   0x080024fa   0x00000022   Code   RO         3884    i.TIM_GetITStatus   stm32f4xx_tim.o
    0x0800251c   0x0800251c   0x00000012   Code   RO         3888    i.TIM_ITConfig      stm32f4xx_tim.o
    0x0800252e   0x0800252e   0x00000002   PAD
    0x08002530   0x08002530   0x00000084   Code   RO         3935    i.TIM_TimeBaseInit  stm32f4xx_tim.o
    0x080025b4   0x080025b4   0x000000b4   Code   RO         1418    i.USART1_IRQHandler  usart.o
    0x08002668   0x08002668   0x00000054   Code   RO         1419    i.USART3_IRQHandler  usart.o
    0x080026bc   0x080026bc   0x00000012   Code   RO         4413    i.USART_ClearFlag   stm32f4xx_usart.o
    0x080026ce   0x080026ce   0x0000001e   Code   RO         4414    i.USART_ClearITPendingBit  stm32f4xx_usart.o
    0x080026ec   0x080026ec   0x0000001a   Code   RO         4420    i.USART_GetFlagStatus  stm32f4xx_usart.o
    0x08002706   0x08002706   0x00000054   Code   RO         4421    i.USART_GetITStatus  stm32f4xx_usart.o
    0x0800275a   0x0800275a   0x0000004a   Code   RO         4423    i.USART_ITConfig    stm32f4xx_usart.o
    0x080027a4   0x080027a4   0x000000d4   Code   RO         4424    i.USART_Init        stm32f4xx_usart.o
    0x08002878   0x08002878   0x0000000a   Code   RO         4431    i.USART_ReceiveData  stm32f4xx_usart.o
    0x08002882   0x08002882   0x0000000e   Code   RO          398    i.WriteCmd          oled.o
    0x08002890   0x08002890   0x0000000e   Code   RO          399    i.WriteDat          oled.o
    0x0800289e   0x0800289e   0x00000002   PAD
    0x080028a0   0x080028a0   0x00000020   Code   RO         4918    i.__0printf         mc_w.l(printfa.o)
    0x080028c0   0x080028c0   0x00000030   Code   RO         4919    i.__0snprintf       mc_w.l(printfa.o)
    0x080028f0   0x080028f0   0x00000028   Code   RO         4920    i.__0sprintf        mc_w.l(printfa.o)
    0x08002918   0x08002918   0x0000005c   Code   RO         4946    i.__free$realloc    mc_w.l(mallocr.o)
    0x08002974   0x08002974   0x00000004   PAD
    0x08002978   0x08002978   0x00000028   Code   RO         4656    i.__hardfp_strtod   m_wm.l(strtod.o)
    0x080029a0   0x080029a0   0x00000050   Code   RO         4947    i.__malloc$realloc  mc_w.l(mallocr.o)
    0x080029f0   0x080029f0   0x0000000e   Code   RO         5042    i.__scatterload_copy  mc_w.l(handlers.o)
    0x080029fe   0x080029fe   0x00000002   Code   RO         5043    i.__scatterload_null  mc_w.l(handlers.o)
    0x08002a00   0x08002a00   0x0000000e   Code   RO         5044    i.__scatterload_zeroinit  mc_w.l(handlers.o)
    0x08002a0e   0x08002a0e   0x00000002   PAD
    0x08002a10   0x08002a10   0x00000184   Code   RO         4925    i._fp_digits        mc_w.l(printfa.o)
    0x08002b94   0x08002b94   0x0000000e   Code   RO         4968    i._is_digit         mc_w.l(scanf_fp.o)
    0x08002ba2   0x08002ba2   0x00000002   PAD
    0x08002ba4   0x08002ba4   0x000006dc   Code   RO         4926    i._printf_core      mc_w.l(printfa.o)
    0x08003280   0x08003280   0x00000024   Code   RO         4927    i._printf_post_padding  mc_w.l(printfa.o)
    0x080032a4   0x080032a4   0x0000002e   Code   RO         4928    i._printf_pre_padding  mc_w.l(printfa.o)
    0x080032d2   0x080032d2   0x00000016   Code   RO         4929    i._snputc           mc_w.l(printfa.o)
    0x080032e8   0x080032e8   0x0000000a   Code   RO         4930    i._sputc            mc_w.l(printfa.o)
    0x080032f2   0x080032f2   0x00000048   Code   RO          588    i.buffer_skip_whitespace  cjson.o
    0x0800333a   0x0800333a   0x00000002   PAD
    0x0800333c   0x0800333c   0x00000058   Code   RO          620    i.cJSON_Delete      cjson.o
    0x08003394   0x08003394   0x00000018   Code   RO          629    i.cJSON_GetArrayItem  cjson.o
    0x080033ac   0x080033ac   0x00000010   Code   RO          631    i.cJSON_GetErrorPtr  cjson.o
    0x080033bc   0x080033bc   0x00000012   Code   RO          634    i.cJSON_GetObjectItemCaseSensitive  cjson.o
    0x080033ce   0x080033ce   0x00000016   Code   RO          639    i.cJSON_IsArray     cjson.o
    0x080033e4   0x080033e4   0x00000016   Code   RO          647    i.cJSON_IsString    cjson.o
    0x080033fa   0x080033fa   0x0000001a   Code   RO          650    i.cJSON_New_Item    cjson.o
    0x08003414   0x08003414   0x00000010   Code   RO          651    i.cJSON_Parse       cjson.o
    0x08003424   0x08003424   0x000000d4   Code   RO          653    i.cJSON_ParseWithLengthOpts  cjson.o
    0x080034f8   0x080034f8   0x00000028   Code   RO          654    i.cJSON_ParseWithOpts  cjson.o
    0x08003520   0x08003520   0x0000000c   Code   RO          666    i.cJSON_free        cjson.o
    0x0800352c   0x0800352c   0x0000000c   Code   RO          667    i.cJSON_malloc      cjson.o
    0x08003538   0x08003538   0x00000048   Code   RO          669    i.case_insensitive_strcmp  cjson.o
    0x08003580   0x08003580   0x0000000c   Code   RO         1505    i.delay_ms          delay.o
    0x0800358c   0x0800358c   0x00000018   Code   RO         1506    i.delay_s           delay.o
    0x080035a4   0x080035a4   0x00000064   Code   RO         1507    i.delay_us          delay.o
    0x08003608   0x08003608   0x000000b4   Code   RO          227    i.esp8266_connect_ap  esp8266.o
    0x080036bc   0x080036bc   0x000000b0   Code   RO          228    i.esp8266_connect_server  esp8266.o
    0x0800376c   0x0800376c   0x00000040   Code   RO          231    i.esp8266_enable_echo  esp8266.o
    0x080037ac   0x080037ac   0x0000006c   Code   RO          233    i.esp8266_entry_transparent_transmission  esp8266.o
    0x08003818   0x08003818   0x00000020   Code   RO          234    i.esp8266_exit_transparent_transmission  esp8266.o
    0x08003838   0x08003838   0x00000038   Code   RO          235    i.esp8266_find_str_in_rx_packet  esp8266.o
    0x08003870   0x08003870   0x000002b4   Code   RO          236    i.esp8266_init      esp8266.o
    0x08003b24   0x08003b24   0x000002c4   Code   RO          237    i.esp8266_init1     esp8266.o
    0x08003de8   0x08003de8   0x00000030   Code   RO          238    i.esp8266_reset     esp8266.o
    0x08003e18   0x08003e18   0x00000024   Code   RO          240    i.esp8266_send_at   esp8266.o
    0x08003e3c   0x08003e3c   0x0000000c   Code   RO          241    i.esp8266_send_bytes  esp8266.o
    0x08003e48   0x08003e48   0x0000001c   Code   RO         1421    i.fputc             usart.o
    0x08003e64   0x08003e64   0x0000001e   Code   RO          674    i.get_array_item    cjson.o
    0x08003e82   0x08003e82   0x00000004   Code   RO          675    i.get_decimal_point  cjson.o
    0x08003e86   0x08003e86   0x00000052   Code   RO          676    i.get_object_item   cjson.o
    0x08003ed8   0x08003ed8   0x000000f8   Code   RO            4    i.init_task         main.o
    0x08003fd0   0x08003fd0   0x00000050   Code   RO         4948    i.internal_alloc    mc_w.l(mallocr.o)
    0x08004020   0x08004020   0x00000068   Code   RO          550    i.lx_char           lx-mp3.o
    0x08004088   0x08004088   0x00000200   Code   RO          551    i.lx_figure         lx-mp3.o
    0x08004288   0x08004288   0x000000c4   Code   RO            5    i.main              main.o
    0x0800434c   0x0800434c   0x0000006c   Code   RO         1607    i.mqtt_cjson_parse  esp8266_mqtt.o
    0x080043b8   0x080043b8   0x000000b4   Code   RO         1608    i.mqtt_cjson_parse1  esp8266_mqtt.o
    0x0800446c   0x0800446c   0x000000f8   Code   RO          678    i.parse_array       cjson.o
    0x08004564   0x08004564   0x0000005a   Code   RO          679    i.parse_hex4        cjson.o
    0x080045be   0x080045be   0x00000002   PAD
    0x080045c0   0x080045c0   0x00000154   Code   RO          680    i.parse_number      cjson.o
    0x08004714   0x08004714   0x0000013e   Code   RO          681    i.parse_object      cjson.o
    0x08004852   0x08004852   0x0000018c   Code   RO          682    i.parse_string      cjson.o
    0x080049de   0x080049de   0x00000002   PAD
    0x080049e0   0x080049e0   0x0000013c   Code   RO          683    i.parse_value       cjson.o
    0x08004b1c   0x08004b1c   0x00000098   Code   RO         1639    i.prvAddCurrentTaskToDelayedList  tasks.o
    0x08004bb4   0x08004bb4   0x000000b8   Code   RO         1640    i.prvAddNewTaskToReadyList  tasks.o
    0x08004c6c   0x08004c6c   0x00000064   Code   RO         2197    i.prvCheckForValidListAndQueue  timers.o
    0x08004cd0   0x08004cd0   0x00000064   Code   RO         1641    i.prvCheckTasksWaitingTermination  tasks.o
    0x08004d34   0x08004d34   0x0000002a   Code   RO         2003    i.prvCopyDataFromQueue  queue.o
    0x08004d5e   0x08004d5e   0x0000007c   Code   RO         2004    i.prvCopyDataToQueue  queue.o
    0x08004dda   0x08004dda   0x00000012   Code   RO         1642    i.prvDeleteTCB      tasks.o
    0x08004dec   0x08004dec   0x00000028   Code   RO         2198    i.prvGetNextExpireTime  timers.o
    0x08004e14   0x08004e14   0x0000007c   Code   RO         2452    i.prvHeapInit       heap_4.o
    0x08004e90   0x08004e90   0x00000028   Code   RO         1643    i.prvIdleTask       tasks.o
    0x08004eb8   0x08004eb8   0x0000001c   Code   RO         2005    i.prvInitialiseMutex  queue.o
    0x08004ed4   0x08004ed4   0x0000002a   Code   RO         2006    i.prvInitialiseNewQueue  queue.o
    0x08004efe   0x08004efe   0x000000b4   Code   RO         1644    i.prvInitialiseNewTask  tasks.o
    0x08004fb2   0x08004fb2   0x00000002   PAD
    0x08004fb4   0x08004fb4   0x00000068   Code   RO         1645    i.prvInitialiseTaskLists  tasks.o
    0x0800501c   0x0800501c   0x00000068   Code   RO         2453    i.prvInsertBlockIntoFreeList  heap_4.o
    0x08005084   0x08005084   0x00000058   Code   RO         2200    i.prvInsertTimerInActiveList  timers.o
    0x080050dc   0x080050dc   0x0000001a   Code   RO         2007    i.prvIsQueueEmpty   queue.o
    0x080050f6   0x080050f6   0x0000001e   Code   RO         2008    i.prvIsQueueFull    queue.o
    0x08005114   0x08005114   0x00000064   Code   RO         2201    i.prvProcessExpiredTimer  timers.o
    0x08005178   0x08005178   0x000000f8   Code   RO         2202    i.prvProcessReceivedCommands  timers.o
    0x08005270   0x08005270   0x00000074   Code   RO         2203    i.prvProcessTimerOrBlockTask  timers.o
    0x080052e4   0x080052e4   0x00000034   Code   RO         1647    i.prvResetNextTaskUnblockTime  tasks.o
    0x08005318   0x08005318   0x0000002c   Code   RO         2204    i.prvSampleTimeNow  timers.o
    0x08005344   0x08005344   0x000000a0   Code   RO         2205    i.prvSwitchTimerLists  timers.o
    0x080053e4   0x080053e4   0x00000040   Code   RO         2503    i.prvTaskExitError  port.o
    0x08005424   0x08005424   0x0000001a   Code   RO         2206    i.prvTimerTask      timers.o
    0x0800543e   0x0800543e   0x0000007e   Code   RO         2009    i.prvUnlockQueue    queue.o
    0x080054bc   0x080054bc   0x0000013c   Code   RO         2454    i.pvPortMalloc      heap_4.o
    0x080055f8   0x080055f8   0x00000020   Code   RO         1650    i.pvTaskIncrementMutexHeldCount  tasks.o
    0x08005618   0x08005618   0x0000002c   Code   RO         2504    i.pxPortInitialiseStack  port.o
    0x08005644   0x08005644   0x0000006c   Code   RO         4949    i.realloc           mc_w.l(mallocr.o)
    0x080056b0   0x080056b0   0x00000100   Code   RO         1376    i.rtc_init          rtc.o
    0x080057b0   0x080057b0   0x0000003c   Code   RO          694    i.skip_utf8_bom     cjson.o
    0x080057ec   0x080057ec   0x0000036c   Code   RO            6    i.task1             main.o
    0x08005b58   0x08005b58   0x00000164   Code   RO            7    i.task2             main.o
    0x08005cbc   0x08005cbc   0x00000338   Code   RO            8    i.task3             main.o
    0x08005ff4   0x08005ff4   0x00000764   Code   RO            9    i.task4             main.o
    0x08006758   0x08006758   0x00000064   Code   RO         1575    i.tim3_init         time.o
    0x080067bc   0x080067bc   0x000000b0   Code   RO         1422    i.usart1_init       usart.o
    0x0800686c   0x0800686c   0x000000b8   Code   RO         1424    i.usart3_init       usart.o
    0x08006924   0x08006924   0x00000038   Code   RO         1425    i.usart3_send_str   usart.o
    0x0800695c   0x0800695c   0x0000012c   Code   RO          697    i.utf16_literal_to_utf8  cjson.o
    0x08006a88   0x08006a88   0x00000028   Code   RO         2416    i.uxListRemove      list.o
    0x08006ab0   0x08006ab0   0x0000002a   Code   RO         2012    i.uxQueueMessagesWaiting  queue.o
    0x08006ada   0x08006ada   0x0000001a   Code   RO         2417    i.vListInitialise   list.o
    0x08006af4   0x08006af4   0x00000006   Code   RO         2418    i.vListInitialiseItem  list.o
    0x08006afa   0x08006afa   0x00000034   Code   RO         2419    i.vListInsert       list.o
    0x08006b2e   0x08006b2e   0x00000018   Code   RO         2420    i.vListInsertEnd    list.o
    0x08006b46   0x08006b46   0x00000002   PAD
    0x08006b48   0x08006b48   0x00000054   Code   RO         2506    i.vPortEnterCritical  port.o
    0x08006b9c   0x08006b9c   0x0000003c   Code   RO         2507    i.vPortExitCritical  port.o
    0x08006bd8   0x08006bd8   0x00000094   Code   RO         2455    i.vPortFree         heap_4.o
    0x08006c6c   0x08006c6c   0x00000020   Code   RO         2508    i.vPortSetupTimerInterrupt  port.o
    0x08006c8c   0x08006c8c   0x00000078   Code   RO         2509    i.vPortValidateInterruptPriority  port.o
    0x08006d04   0x08006d04   0x0000002c   Code   RO         2015    i.vQueueAddToRegistry  queue.o
    0x08006d30   0x08006d30   0x0000004a   Code   RO         2019    i.vQueueWaitForMessageRestricted  queue.o
    0x08006d7a   0x08006d7a   0x00000002   PAD
    0x08006d7c   0x08006d7c   0x0000005c   Code   RO         1658    i.vTaskDelay        tasks.o
    0x08006dd8   0x08006dd8   0x000000f4   Code   RO         1660    i.vTaskDelete       tasks.o
    0x08006ecc   0x08006ecc   0x0000000c   Code   RO         1663    i.vTaskMissedYield  tasks.o
    0x08006ed8   0x08006ed8   0x00000038   Code   RO         1665    i.vTaskPlaceOnEventList  tasks.o
    0x08006f10   0x08006f10   0x00000040   Code   RO         1666    i.vTaskPlaceOnEventListRestricted  tasks.o
    0x08006f50   0x08006f50   0x000000b0   Code   RO         1668    i.vTaskPriorityInherit  tasks.o
    0x08007000   0x08007000   0x00000030   Code   RO         1672    i.vTaskSetTimeOutState  tasks.o
    0x08007030   0x08007030   0x00000094   Code   RO         1673    i.vTaskStartScheduler  tasks.o
    0x080070c4   0x080070c4   0x00000010   Code   RO         1675    i.vTaskSuspendAll   tasks.o
    0x080070d4   0x080070d4   0x0000008c   Code   RO         1676    i.vTaskSwitchContext  tasks.o
    0x08007160   0x08007160   0x0000013c   Code   RO         2510    i.xPortStartScheduler  port.o
    0x0800729c   0x0800729c   0x00000022   Code   RO         2021    i.xQueueCreateMutex  queue.o
    0x080072be   0x080072be   0x00000058   Code   RO         2022    i.xQueueGenericCreate  queue.o
    0x08007316   0x08007316   0x00000002   PAD
    0x08007318   0x08007318   0x000001c4   Code   RO         2023    i.xQueueGenericReceive  queue.o
    0x080074dc   0x080074dc   0x00000098   Code   RO         2024    i.xQueueGenericReset  queue.o
    0x08007574   0x08007574   0x000001a8   Code   RO         2025    i.xQueueGenericSend  queue.o
    0x0800771c   0x0800771c   0x000000f8   Code   RO         2026    i.xQueueGenericSendFromISR  queue.o
    0x08007814   0x08007814   0x000000e0   Code   RO         2027    i.xQueueGiveFromISR  queue.o
    0x080078f4   0x080078f4   0x0000008c   Code   RO         1677    i.xTaskCheckForTimeOut  tasks.o
    0x08007980   0x08007980   0x00000060   Code   RO         1678    i.xTaskCreate       tasks.o
    0x080079e0   0x080079e0   0x00000020   Code   RO         1682    i.xTaskGetSchedulerState  tasks.o
    0x08007a00   0x08007a00   0x0000000c   Code   RO         1683    i.xTaskGetTickCount  tasks.o
    0x08007a0c   0x08007a0c   0x00000148   Code   RO         1685    i.xTaskIncrementTick  tasks.o
    0x08007b54   0x08007b54   0x000000c8   Code   RO         1688    i.xTaskPriorityDisinherit  tasks.o
    0x08007c1c   0x08007c1c   0x00000098   Code   RO         1689    i.xTaskRemoveFromEventList  tasks.o
    0x08007cb4   0x08007cb4   0x00000104   Code   RO         1691    i.xTaskResumeAll    tasks.o
    0x08007db8   0x08007db8   0x00000058   Code   RO         2210    i.xTimerCreateTimerTask  timers.o
    0x08007e10   0x08007e10   0x00000084   Code   RO         2211    i.xTimerGenericCommand  timers.o
    0x08007e94   0x08007e94   0x00000074   Code   RO           10    i.zeller_weekday    main.o
    0x08007f08   0x08007f08   0x000070b8   Data   RO           12    .constdata          main.o
    0x0800efc0   0x0800efc0   0x00007898   Data   RO          400    .constdata          oled.o
    0x08016858   0x08016858   0x000070d0   Data   RO          552    .constdata          lx-mp3.o
    0x0801d928   0x0801d928   0x00000040   Data   RO         5038    .constdata          mc_w.l(ctype_c.o)
    0x0801d968   0x0801d968   0x00000125   Data   RO           13    .conststring        main.o
    0x0801da8d   0x0801da8d   0x00000003   PAD
    0x0801da90   0x0801da90   0x00000095   Data   RO          553    .conststring        lx-mp3.o
    0x0801db25   0x0801db25   0x00000003   PAD
    0x0801db28   0x0801db28   0x00000030   Data   RO         5040    Region$$Table       anon$$obj.o


    Execution Region RW_IRAM2 (Exec base: 0x10000000, Load base: 0x080222d8, Size: 0x0000e120, Max: 0x00010000, ABSOLUTE, COMPRESSED[0x00004748])

    Exec Addr    Load Addr    Size         Type   Attr      Idx    E Section Name        Object

    0x10000000   COMPRESSED   0x00007088   Data   RW         1378    .data               rtc.o
    0x10007088   COMPRESSED   0x00007098   Data   RW         1428    .data               usart.o


    Execution Region RW_IRAM1 (Exec base: 0x20000000, Load base: 0x0801db58, Size: 0x0001b9d0, Max: 0x00020000, ABSOLUTE, COMPRESSED[0x00004780])

    Exec Addr    Load Addr    Size         Type   Attr      Idx    E Section Name        Object

    0x20000000   COMPRESSED   0x000070b8   Data   RW           14    .data               main.o
    0x200070b8   COMPRESSED   0x0000708c   Data   RW          245    .data               esp8266.o
    0x2000e144   COMPRESSED   0x00000014   Data   RW          699    .data               cjson.o
    0x2000e158   COMPRESSED   0x0000003c   Data   RW         1694    .data               tasks.o
    0x2000e194   COMPRESSED   0x00000014   Data   RW         2217    .data               timers.o
    0x2000e1a8   COMPRESSED   0x00000018   Data   RW         2460    .data               heap_4.o
    0x2000e1c0   COMPRESSED   0x0000000c   Data   RW         2511    .data               port.o
    0x2000e1cc   COMPRESSED   0x00000010   Data   RW         3209    .data               stm32f4xx_rcc.o
    0x2000e1dc   COMPRESSED   0x00000014   Data   RW         4615    .data               system_stm32f4xx.o
    0x2000e1f0   COMPRESSED   0x00000004   Data   RW         5012    .data               mc_w.l(mvars.o)
    0x2000e1f4   COMPRESSED   0x00000004   Data   RW         5013    .data               mc_w.l(mvars.o)
    0x2000e1f8        -       0x00000064   Zero   RW           11    .bss                main.o
    0x2000e25c        -       0x00000400   Zero   RW          243    .bss                esp8266.o
    0x2000e65c        -       0x00000440   Zero   RW         1426    .bss                usart.o
    0x2000ea9c        -       0x000000c8   Zero   RW         1693    .bss                tasks.o
    0x2000eb64        -       0x00000040   Zero   RW         2034    .bss                queue.o
    0x2000eba4        -       0x00000028   Zero   RW         2216    .bss                timers.o
    0x2000ebcc        -       0x0000c800   Zero   RW         2459    .bss                heap_4.o
    0x2001b3cc   COMPRESSED   0x00000004   PAD
    0x2001b3d0        -       0x00000200   Zero   RW         4603    HEAP                startup_stm32f40_41xxx.o
    0x2001b5d0        -       0x00000400   Zero   RW         4602    STACK               startup_stm32f40_41xxx.o


==============================================================================

Image component sizes


      Code (inc. data)   RO Data    RW Data    ZI Data      Debug   Object Name

       420         32          0          0          0       2518   adc.o
      2836         80          0         20          0      22232   cjson.o
       136          8          0          0          0       1768   delay.o
       420         30          0          0          0       2882   dht11.o
      2112       1172          0      28812       1024       7991   esp8266.o
       288         74          0          0          0       2111   esp8266_mqtt.o
       692         62          0         24      51200       4379   heap_4.o
       384         64          0          0          0       2609   iic.o
        44          8          0          0          0        467   key.o
       148          0          0          0          0       3202   list.o
       676         60      29029          0          0       2145   lx-mp3.o
      4508        762      29149      28856        100     351054   main.o
       680         56      30872          0          0       5016   oled.o
       954         92          0         12          0      11581   port.o
      2200         22          0          0         64      16742   queue.o
       752         88          0      28808          0       2864   rtc.o
        36          8        392          0       1536        864   startup_stm32f40_41xxx.o
       374         24          0          0          0       5926   stm32f4xx_adc.o
        36         10          0          0          0       1220   stm32f4xx_exti.o
       144          0          0          0          0       1204   stm32f4xx_gpio.o
        12          6          0          0          0        574   stm32f4xx_pwr.o
       508         60          0         16          0       7358   stm32f4xx_rcc.o
      1490         94          0          0          0      12759   stm32f4xx_rtc.o
       214         28          0          0          0       3966   stm32f4xx_tim.o
       454          8          0          0          0       5972   stm32f4xx_usart.o
       340         32          0         20          0       1965   system_stm32f4xx.o
      3078        410          0         60        200      34863   tasks.o
       100         12          0          0          0        544   time.o
      1142        118          0         20         40      17251   timers.o
       840        130          0      28824       1088       6255   usart.o

    ----------------------------------------------------------------------
     26048       3550      89496     115472      55256     540282   Object Totals
         0          0         48          0          0          0   (incl. Generated)
        30          0          6          0          4          0   (incl. Padding)

    ----------------------------------------------------------------------

      Code (inc. data)   RO Data    RW Data    ZI Data      Debug   Library Member Name

        40         10          0          0          0        128   strtod.o
        94          0          0          0          0          0   __dclz77c.o
        64          0          0          0          0         84   _sgetc.o
        40          6         64          0          0         68   ctype_c.o
         0          0          0          0          0          0   entry.o
         0          0          0          0          0          0   entry10a.o
         0          0          0          0          0          0   entry11a.o
         8          4          0          0          0          0   entry2.o
         4          0          0          0          0          0   entry5.o
         0          0          0          0          0          0   entry7b.o
         0          0          0          0          0          0   entry8b.o
         8          4          0          0          0          0   entry9a.o
        30          0          0          0          0          0   handlers.o
        36          8          0          0          0         68   init.o
        10          0          0          0          0         68   isspace_c.o
         0          0          0          0          0          0   iusefp.o
        30          0          0          0          0         68   llshl.o
        36          0          0          0          0         68   llsshr.o
        32          0          0          0          0         68   llushr.o
       360         30          0          0          0        356   mallocr.o
        36          0          0          0          0         68   memcpya.o
        36          0          0          0          0        108   memseta.o
         0          0          0          8          0          0   mvars.o
      2378        100          0          0          0        756   printfa.o
       878         12          0          0          0        216   scanf_fp.o
        28          0          0          0          0         76   strcmp.o
        18          0          0          0          0         68   strcpy.o
        14          0          0          0          0         68   strlen.o
        30          0          0          0          0         80   strncmp.o
        24          0          0          0          0         76   strncpy.o
        36          0          0          0          0         80   strstr.o
       156         12          0          0          0        120   strtod.o
        12          0          0          0          0         68   tolower.o
        44          0          0          0          0         80   uidiv.o
        98          0          0          0          0         92   uldiv.o
        48          0          0          0          0         68   cdcmple.o
        48          0          0          0          0         68   cdrcmple.o
        56          0          0          0          0         88   d2f.o
       334          0          0          0          0        148   dadd.o
       222          0          0          0          0        100   ddiv.o
       186          0          0          0          0        176   depilogue.o
        62          0          0          0          0         80   dfixi.o
        50          0          0          0          0         76   dfixui.o
        48          0          0          0          0         68   dfixul.o
        34          0          0          0          0         76   dflti.o
        24          0          0          0          0         76   dfltul.o
       228          0          0          0          0         96   dmul.o
        38          0          0          0          0         68   f2d.o
       110          0          0          0          0        168   fepilogue.o

    ----------------------------------------------------------------------
      6080        190         64          8          0       4288   Library Totals
        12          4          0          0          0          0   (incl. Padding)

    ----------------------------------------------------------------------

      Code (inc. data)   RO Data    RW Data    ZI Data      Debug   Library Name

        40         10          0          0          0        128   m_wm.l
      4540        176         64          8          0       2804   mc_w.l
      1488          0          0          0          0       1356   mf_w.l

    ----------------------------------------------------------------------
      6080        190         64          8          0       4288   Library Totals

    ----------------------------------------------------------------------

==============================================================================


      Code (inc. data)   RO Data    RW Data    ZI Data      Debug   

     32128       3740      89560     115480      55256     522314   Grand Totals
     32128       3740      89560      36552      55256     522314   ELF Image Totals (compressed)
     32128       3740      89560      36552          0          0   ROM Totals

==============================================================================

    Total RO  Size (Code + RO Data)               121688 ( 118.84kB)
    Total RW  Size (RW Data + ZI Data)            170736 ( 166.73kB)
    Total ROM Size (Code + RO Data + RW Data)     158240 ( 154.53kB)

==============================================================================

