<html>
<body>
<pre>
<h1>礦ision Build Log</h1>
<h2>Tool Versions:</h2>
IDE-Version: μVision V5.28.0.0
Copyright (C) 2019 ARM Ltd and ARM Germany GmbH. All rights reserved.
License Information: 1 CLF, 1, LIC=S5ISZ-JACJ9-689FC-71YWL-78GHN-RFFAT
 
Tool Versions:
Toolchain:       MDK-ARM Professional  Version: 5.28.0.0
Toolchain Path:  D:\keil5\ARM\ARMCC\Bin
C Compiler:      Armcc.exe V5.06 update 6 (build 750)
Assembler:       Armasm.exe V5.06 update 6 (build 750)
Linker/Locator:  ArmLink.exe V5.06 update 6 (build 750)
Library Manager: ArmAr.exe V5.06 update 6 (build 750)
Hex Converter:   FromElf.exe V5.06 update 6 (build 750)
CPU DLL:         SARMCM3.DLL V5.28.0.0
Dialog DLL:      DCM.DLL V1.17.3.0
Target DLL:      Segger\JL2CM3.dll V2.99.36.0
Dialog DLL:      TCM.DLL V1.36.2.0
 
<h2>Project:</h2>
C:\Users\CLF\Desktop\keil5project\小区环境检测系统\project.uvprojx
Project File Date:  06/09/2025

<h2>Output:</h2>
*** Using Compiler 'V5.06 update 6 (build 750)', folder: 'D:\keil5\ARM\ARMCC\Bin'
Rebuild target 'Target_1'
compiling cJSON.c...
compiling key.c...
compiling dht11.c...
compiling led.c...
compiling pwm.c...
compiling usart.c...
compiling IIC.c...
compiling OLED.c...
compiling adc.c...
SYSTEM\SRC\adc.c(140): warning:  #223-D: function "delay_ms" declared implicitly
  		delay_ms(2);
SYSTEM\SRC\adc.c: 1 warning, 0 errors
compiling main.c...
USER\main.c(52): warning:  #167-D: argument of type "volatile uint8_t *" is incompatible with parameter of type "void *"
  		memset(g_esp8266_rx_buf, 0, sizeof g_esp8266_rx_buf);
USER\main.c(86): warning:  #1035-D: single-precision operand implicitly converted to double-precision
  			pm = (0.17*Voltage-0.1)*1000;  //乘以1000单位换成ug/m3/
USER\main.c(119): warning:  #167-D: argument of type "char *" is incompatible with parameter of type "unsigned char *"
  			OLED_ShowStr(0,11,hum,1);
USER\main.c(120): warning:  #167-D: argument of type "char *" is incompatible with parameter of type "unsigned char *"
  			OLED_ShowStr(0,12,temp,1);
USER\main.c(123): warning:  #167-D: argument of type "char *" is incompatible with parameter of type "unsigned char *"
  			OLED_ShowStr(0,10,s,1);
USER\main.c(126): warning:  #167-D: argument of type "char *" is incompatible with parameter of type "unsigned char *"
  			OLED_ShowStr(strlen(s)*6,10,s1,1);
USER\main.c(133): warning:  #167-D: argument of type "char *" is incompatible with parameter of type "unsigned char *"
  			OLED_ShowStr(0,13,pmk,1);
USER\main.c(181): warning:  #167-D: argument of type "char *" is incompatible with parameter of type "unsigned char *"
  				OLED_ShowStr(0,0,date,1);
USER\main.c(182): warning:  #167-D: argument of type "char *" is incompatible with parameter of type "unsigned char *"
  				OLED_ShowStr(0,9,j,1);
USER\main.c(144): warning:  #177-D: variable "time"  was declared but never referenced
  	char time[20]={0};
USER\main.c(145): warning:  #177-D: variable "newstime"  was declared but never referenced
  	char newstime[20]={0};
USER\main.c(148): warning:  #177-D: variable "tf"  was declared but never referenced
  	char *c,*j,*tf,a[50];
USER\main.c(206): warning:  #167-D: argument of type "char *" is incompatible with parameter of type "uint8_t *"
  		esp8266_send_bytes(p);
USER\main.c(256): warning:  #68-D: integer conversion resulted in a change of sign
  				a1+=1,a=-1;
USER\main.c(192): warning:  #177-D: variable "o"  was declared but never referenced
  	static char o[50];
USER\main.c(193): warning:  #177-D: variable "c"  was declared but never referenced
  	char *c,*j,*tf;
USER\main.c(193): warning:  #177-D: variable "j"  was declared but never referenced
  	char *c,*j,*tf;
USER\main.c(290): warning:  #167-D: argument of type "char *" is incompatible with parameter of type "uint8_t *"
  			esp8266_send_bytes(p1);
USER\main.c: 18 warnings, 0 errors
compiling esp8266.c...
compiling delay.c...
compiling LX-MP3.c...
compiling RTC.c...
SYSTEM\SRC\RTC.c(60): warning:  #68-D: integer conversion resulted in a change of sign
  		i1+=1,i=-1;
SYSTEM\SRC\RTC.c(138): warning:  #68-D: integer conversion resulted in a change of sign
  		i1+=1,i=-1;
SYSTEM\SRC\RTC.c(110): warning:  #177-D: variable "xReturn"  was declared but never referenced
  	BaseType_t xReturn;
SYSTEM\SRC\RTC.c: 3 warnings, 0 errors
compiling time.c...
compiling tasks.c...
compiling queue.c...
compiling timers.c...
compiling event_groups.c...
compiling croutine.c...
compiling list.c...
compiling heap_4.c...
compiling esp8266_mqtt.c...
compiling port.c...
assembling startup_stm32f40_41xxx.s...
compiling misc.c...
compiling stm32f4xx_exti.c...
compiling stm32f4xx_adc.c...
compiling stm32f4xx_gpio.c...
compiling stm32f4xx_pwr.c...
compiling system_stm32f4xx.c...
compiling stm32f4xx_usart.c...
compiling stm32f4xx_rcc.c...
compiling stm32f4xx_tim.c...
compiling stm32f4xx_rtc.c...
linking...
Program Size: Code=32128 RO-data=89560 RW-data=115480 ZI-data=55256  
".\Objects\project.axf" - 0 Error(s), 22 Warning(s).

<h2>Software Packages used:</h2>

Package Vendor: ARM
                http://www.keil.com/pack/ARM.CMSIS.5.8.0.pack
                ARM.CMSIS.5.8.0
                CMSIS (Common Microcontroller Software Interface Standard)
   * Component: CORE Version: 5.5.0

Package Vendor: Keil
                http://www.keil.com/pack/Keil.STM32F4xx_DFP.1.0.8.pack
                Keil.STM32F4xx_DFP.1.0.8
                STMicroelectronics STM32F4 Series Device Support, Drivers and Examples
   * Component: Startup Version: 1.3.1
   * Component: ADC Version: 1.3.0
   * Component: EXTI Version: 1.3.0
   * Component: Framework Version: 1.3.1
   * Component: GPIO Version: 1.3.0
   * Component: PWR Version: 1.3.0
   * Component: RCC Version: 1.3.0
   * Component: RTC Version: 1.3.0
   * Component: TIM Version: 1.3.0
   * Component: USART Version: 1.3.0

<h2>Collection of Component include folders:</h2>
  .\RTE\Device\STM32F407ZE
  .\RTE\_Target_1
  D:\keil5\ARM\CMSIS\5.8.0\CMSIS\Core\Include
  D:\keil5\Keil\STM32F4xx_DFP\1.0.8\Device\Include
  D:\keil5\Keil\STM32F4xx_DFP\1.0.8\Device\StdPeriph_Driver\inc

<h2>Collection of Component Files used:</h2>

   * Component: ARM::CMSIS:CORE:5.5.0

   * Component: Keil::Device:Startup:1.3.1
      Source file:   Device\Source\system_stm32f4xx.c
      Source file:   Device\Source\ARM\STM32F4xx_OTP.s
      Include file:  Device\Include\stm32f4xx.h
      Source file:   Device\Source\ARM\STM32F40xxx_41xxx_OPT.s
      Source file:   Device\Source\ARM\startup_stm32f40_41xxx.s
      Include file:  RTE_Driver\Config\RTE_Device.h

   * Component: Keil::Device:StdPeriph Drivers:ADC:1.3.0
      Include file:  Device\StdPeriph_Driver\inc\stm32f4xx_adc.h
      Source file:   Device\StdPeriph_Driver\src\stm32f4xx_adc.c

   * Component: Keil::Device:StdPeriph Drivers:EXTI:1.3.0
      Source file:   Device\StdPeriph_Driver\src\stm32f4xx_exti.c
      Include file:  Device\StdPeriph_Driver\inc\stm32f4xx_exti.h

   * Component: Keil::Device:StdPeriph Drivers:Framework:1.3.1
      Include file:  Device\StdPeriph_Driver\templates\stm32f4xx_it.h
      Source file:   Device\StdPeriph_Driver\templates\stm32f4xx_conf.h
      Source file:   Device\StdPeriph_Driver\templates\stm32f4xx_it.c
      Source file:   Device\StdPeriph_Driver\src\misc.c

   * Component: Keil::Device:StdPeriph Drivers:GPIO:1.3.0
      Include file:  Device\StdPeriph_Driver\inc\stm32f4xx_gpio.h
      Source file:   Device\StdPeriph_Driver\src\stm32f4xx_gpio.c

   * Component: Keil::Device:StdPeriph Drivers:PWR:1.3.0
      Include file:  Device\StdPeriph_Driver\inc\stm32f4xx_pwr.h
      Source file:   Device\StdPeriph_Driver\src\stm32f4xx_pwr.c

   * Component: Keil::Device:StdPeriph Drivers:RCC:1.3.0
      Source file:   Device\StdPeriph_Driver\src\stm32f4xx_rcc.c
      Include file:  Device\StdPeriph_Driver\inc\stm32f4xx_rcc.h

   * Component: Keil::Device:StdPeriph Drivers:RTC:1.3.0
      Source file:   Device\StdPeriph_Driver\src\stm32f4xx_rtc.c
      Include file:  Device\StdPeriph_Driver\inc\stm32f4xx_rtc.h

   * Component: Keil::Device:StdPeriph Drivers:TIM:1.3.0
      Include file:  Device\StdPeriph_Driver\inc\stm32f4xx_tim.h
      Source file:   Device\StdPeriph_Driver\src\stm32f4xx_tim.c

   * Component: Keil::Device:StdPeriph Drivers:USART:1.3.0
      Source file:   Device\StdPeriph_Driver\src\stm32f4xx_usart.c
      Include file:  Device\StdPeriph_Driver\inc\stm32f4xx_usart.h
Build Time Elapsed:  00:00:05
</pre>
</body>
</html>
